Archive member included to satisfy reference by file (symbol)

/Applications/Marmalade.app/Contents/s3e/edk/lib/android/libedk.a(edk_helpers.o)
                              release/s3eFirebase_platform.os (s3eEdkThreadRunOnOS)
/Applications/Marmalade.app/Contents/s3e/edk/lib/android/libedk.a(android_edk_marker.o)
                              (libplaceholderplaceholderplaceholderplaceholderplaceholder)

Discarded input sections

 .note.GNU-stack
                0x0000000000000000        0x0 /Users/bzawisto/Projects/android-ndk-r10e/platforms/android-14/arch-arm/usr/lib/crtbegin_so.o
 .group         0x0000000000000000        0x8 release/s3eFirebase_platform.os
 .group         0x0000000000000000        0x8 release/s3eFirebase_platform.os
 .note.GNU-stack
                0x0000000000000000        0x0 release/s3eFirebase_platform.os
 .note.GNU-stack
                0x0000000000000000        0x0 release/s3eFirebase.os
 .note.GNU-stack
                0x0000000000000000        0x0 release/s3eFirebase_register.os
 .note.GNU-stack
                0x0000000000000000        0x0 /Applications/Marmalade.app/Contents/s3e/edk/lib/android/libedk.a(edk_helpers.o)
 .note.GNU-stack
                0x0000000000000000        0x0 /Applications/Marmalade.app/Contents/s3e/edk/lib/android/libedk.a(android_edk_marker.o)
 .note.GNU-stack
                0x0000000000000000        0x0 /Users/bzawisto/Projects/android-ndk-r10e/platforms/android-14/arch-arm/usr/lib/crtend_so.o

Memory Configuration

Name             Origin             Length             Attributes
*default*        0x0000000000000000 0xffffffffffffffff

Linker script and memory map

LOAD /Users/bzawisto/Projects/android-ndk-r10e/platforms/android-14/arch-arm/usr/lib/crtbegin_so.o
LOAD release/s3eFirebase_platform.os
LOAD release/s3eFirebase.os
LOAD release/s3eFirebase_register.os
LOAD /Applications/Marmalade.app/Contents/s3e/edk/lib/android/libedk.a
LOAD /Applications/Marmalade.app/Contents/s3e/edk/lib/android/libs3e_android.so
LOAD /Users/bzawisto/Projects/android-ndk-r10e/platforms/android-14/arch-arm/usr/lib/liblog.so
LOAD /Users/bzawisto/Projects/android-ndk-r10e/toolchains/arm-linux-androideabi-4.9/prebuilt/darwin-x86_64/bin/../lib/gcc/arm-linux-androideabi/4.9/libgcc.a
LOAD /Users/bzawisto/Projects/android-ndk-r10e/sources/cxx-stl/gnu-libstdc++/4.9/libs/armeabi/libgnustl_static.a
LOAD /Users/bzawisto/Projects/android-ndk-r10e/platforms/android-14/arch-arm/usr/lib/libstdc++.so
LOAD /Users/bzawisto/Projects/android-ndk-r10e/platforms/android-14/arch-arm/usr/lib/libm.so
LOAD /Users/bzawisto/Projects/android-ndk-r10e/platforms/android-14/arch-arm/usr/lib/libc.so
LOAD /Users/bzawisto/Projects/android-ndk-r10e/toolchains/arm-linux-androideabi-4.9/prebuilt/darwin-x86_64/bin/../lib/gcc/arm-linux-androideabi/4.9/libgcc.a
LOAD /Users/bzawisto/Projects/android-ndk-r10e/platforms/android-14/arch-arm/usr/lib/libc.so
LOAD /Users/bzawisto/Projects/android-ndk-r10e/platforms/android-14/arch-arm/usr/lib/libdl.so
LOAD /Users/bzawisto/Projects/android-ndk-r10e/toolchains/arm-linux-androideabi-4.9/prebuilt/darwin-x86_64/bin/../lib/gcc/arm-linux-androideabi/4.9/libgcc.a
LOAD /Users/bzawisto/Projects/android-ndk-r10e/platforms/android-14/arch-arm/usr/lib/crtend_so.o
                0x00000000000000d4                . = (0x0 + SIZEOF_HEADERS)

.note.gnu.build-id
 *(.note.gnu.build-id)

.hash           0x00000000000000d4       0x60
 *(.hash)
 .hash          0x00000000000000d4       0x60 /Users/bzawisto/Projects/android-ndk-r10e/platforms/android-14/arch-arm/usr/lib/crtbegin_so.o

.gnu.hash
 *(.gnu.hash)

.dynsym         0x0000000000000134      0x130
 *(.dynsym)
 .dynsym        0x0000000000000134      0x130 /Users/bzawisto/Projects/android-ndk-r10e/platforms/android-14/arch-arm/usr/lib/crtbegin_so.o

.dynstr         0x0000000000000264      0x143
 *(.dynstr)
 .dynstr        0x0000000000000264      0x143 /Users/bzawisto/Projects/android-ndk-r10e/platforms/android-14/arch-arm/usr/lib/crtbegin_so.o

.gnu.version    0x00000000000003a8        0x0
 *(.gnu.version)
 .gnu.version   0x00000000000003a8        0x0 /Users/bzawisto/Projects/android-ndk-r10e/platforms/android-14/arch-arm/usr/lib/crtbegin_so.o

.gnu.version_d  0x00000000000003a8        0x0
 *(.gnu.version_d)
 .gnu.version_d
                0x00000000000003a8        0x0 /Users/bzawisto/Projects/android-ndk-r10e/platforms/android-14/arch-arm/usr/lib/crtbegin_so.o

.gnu.version_r  0x00000000000003a8        0x0
 *(.gnu.version_r)
 .gnu.version_r
                0x00000000000003a8        0x0 /Users/bzawisto/Projects/android-ndk-r10e/platforms/android-14/arch-arm/usr/lib/crtbegin_so.o

.rel.dyn        0x00000000000003a8       0x20
 *(.rel.init)
 *(.rel.text .rel.text.* .rel.gnu.linkonce.t.*)
 *(.rel.fini)
 *(.rel.rodata .rel.rodata.* .rel.gnu.linkonce.r.*)
 *(.rel.data.rel.ro .rel.data.rel.ro.* .rel.gnu.linkonce.d.rel.ro.*)
 *(.rel.data .rel.data.* .rel.gnu.linkonce.d.*)
 *(.rel.tdata .rel.tdata.* .rel.gnu.linkonce.td.*)
 *(.rel.tbss .rel.tbss.* .rel.gnu.linkonce.tb.*)
 *(.rel.ctors)
 *(.rel.dtors)
 *(.rel.got)
 .rel.got       0x00000000000003a8       0x18 /Users/bzawisto/Projects/android-ndk-r10e/platforms/android-14/arch-arm/usr/lib/crtbegin_so.o
 *(.rel.bss .rel.bss.* .rel.gnu.linkonce.b.*)
 *(.rel.iplt)
 .rel.iplt      0x00000000000003c0        0x0 /Users/bzawisto/Projects/android-ndk-r10e/platforms/android-14/arch-arm/usr/lib/crtbegin_so.o
 .rel.fini_array
                0x00000000000003c0        0x8 /Users/bzawisto/Projects/android-ndk-r10e/platforms/android-14/arch-arm/usr/lib/crtbegin_so.o

.rela.dyn
 *(.rela.init)
 *(.rela.text .rela.text.* .rela.gnu.linkonce.t.*)
 *(.rela.fini)
 *(.rela.rodata .rela.rodata.* .rela.gnu.linkonce.r.*)
 *(.rela.data .rela.data.* .rela.gnu.linkonce.d.*)
 *(.rela.tdata .rela.tdata.* .rela.gnu.linkonce.td.*)
 *(.rela.tbss .rela.tbss.* .rela.gnu.linkonce.tb.*)
 *(.rela.ctors)
 *(.rela.dtors)
 *(.rela.got)
 *(.rela.bss .rela.bss.* .rela.gnu.linkonce.b.*)
 *(.rela.iplt)

.rel.plt        0x00000000000003c8       0x38
 *(.rel.plt)
 .rel.plt       0x00000000000003c8       0x38 /Users/bzawisto/Projects/android-ndk-r10e/platforms/android-14/arch-arm/usr/lib/crtbegin_so.o

.rela.plt
 *(.rela.plt)

.init
 *(SORT(.init))

.plt            0x0000000000000400       0x68
 *(.plt)
 .plt           0x0000000000000400       0x68 /Users/bzawisto/Projects/android-ndk-r10e/platforms/android-14/arch-arm/usr/lib/crtbegin_so.o

.iplt           0x0000000000000468        0x0
 *(.iplt)
 .iplt          0x0000000000000468        0x0 /Users/bzawisto/Projects/android-ndk-r10e/platforms/android-14/arch-arm/usr/lib/crtbegin_so.o

.text           0x0000000000000468      0x528
 *(.text.unlikely .text.*_unlikely .text.unlikely.*)
 *(.text.exit .text.exit.*)
 .text.exit     0x0000000000000468       0x10 /Users/bzawisto/Projects/android-ndk-r10e/platforms/android-14/arch-arm/usr/lib/crtbegin_so.o
                0x0000000000000468                __on_dlclose
 *(.text.startup .text.startup.*)
 *(.text.hot .text.hot.*)
 *(.text .stub .text.* .gnu.linkonce.t.*)
 .text          0x0000000000000478       0x34 /Users/bzawisto/Projects/android-ndk-r10e/platforms/android-14/arch-arm/usr/lib/crtbegin_so.o
                0x0000000000000478                __atexit_handler_wrapper
                0x000000000000048c                atexit
 .text          0x00000000000004ac      0x300 release/s3eFirebase_platform.os
                0x0000000000000564                s3eFirebaseInit_platform()
                0x0000000000000700                s3eFirebaseTerminate_platform()
                0x000000000000075c                s3eFirebaseInitialize_platform()
 .text._ZN7_JNIEnv9NewObjectEP7_jclassP10_jmethodIDz
                0x00000000000007ac       0x38 release/s3eFirebase_platform.os
                0x00000000000007ac                _JNIEnv::NewObject(_jclass*, _jmethodID*, ...)
 .text._ZN7_JNIEnv14CallVoidMethodEP8_jobjectP10_jmethodIDz
                0x00000000000007e4       0x38 release/s3eFirebase_platform.os
                0x00000000000007e4                _JNIEnv::CallVoidMethod(_jobject*, _jmethodID*, ...)
 .text          0x000000000000081c        0xc release/s3eFirebase.os
                0x000000000000081c                s3eFirebaseInit()
                0x0000000000000820                s3eFirebaseTerminate()
                0x0000000000000824                s3eFirebaseInitialize
 .text          0x0000000000000828       0xd4 release/s3eFirebase_register.os
                0x000000000000083c                s3eFirebaseRegisterExt()
                0x000000000000089c                RegisterExt
 .text          0x00000000000008fc        0x0 /Applications/Marmalade.app/Contents/s3e/edk/lib/android/libedk.a(edk_helpers.o)
 .text.s3eEdkErrorSetString
                0x00000000000008fc       0x30 /Applications/Marmalade.app/Contents/s3e/edk/lib/android/libedk.a(edk_helpers.o)
                0x00000000000008fc                s3eEdkErrorSetString
 .text.s3eEdkThreadRunOnOS
                0x000000000000092c       0x30 /Applications/Marmalade.app/Contents/s3e/edk/lib/android/libedk.a(edk_helpers.o)
                0x000000000000092c                s3eEdkThreadRunOnOS
 .text.s3eEdkThreadRunOnOSAsync
                0x000000000000095c       0x30 /Applications/Marmalade.app/Contents/s3e/edk/lib/android/libedk.a(edk_helpers.o)
                0x000000000000095c                s3eEdkThreadRunOnOSAsync
 .text          0x000000000000098c        0x0 /Applications/Marmalade.app/Contents/s3e/edk/lib/android/libedk.a(android_edk_marker.o)
 .text.libplaceholderplaceholderplaceholderplaceholderplaceholder
                0x000000000000098c        0x4 /Applications/Marmalade.app/Contents/s3e/edk/lib/android/libedk.a(android_edk_marker.o)
                0x000000000000098c                libplaceholderplaceholderplaceholderplaceholderplaceholder
 .text          0x0000000000000990        0x0 /Users/bzawisto/Projects/android-ndk-r10e/platforms/android-14/arch-arm/usr/lib/crtend_so.o
 *(.gnu.warning)
 *(.glue_7t)
 .glue_7t       0x0000000000000990        0x0 linker stubs
 *(.glue_7)
 .glue_7        0x0000000000000990        0x0 linker stubs
 *(.vfp11_veneer)
 .vfp11_veneer  0x0000000000000990        0x0 linker stubs
 *(.v4_bx)
 .v4_bx         0x0000000000000990        0x0 linker stubs

.fini
 *(SORT(.fini))
                0x0000000000000990                PROVIDE (__etext, .)
                0x0000000000000990                PROVIDE (_etext, .)
                0x0000000000000990                PROVIDE (etext, .)

.rodata         0x0000000000000990       0x30
 *(.rodata .rodata.* .gnu.linkonce.r.*)
 .rodata.str1.4
                0x0000000000000990       0x30 release/s3eFirebase_platform.os
 .rodata.str1.4
                0x00000000000009c0        0xc release/s3eFirebase_register.os

.rodata1
 *(.rodata1)

.ARM.extab
 *(.ARM.extab* .gnu.linkonce.armextab.*)
                0x00000000000009cc                PROVIDE (__exidx_start, .)

.ARM.exidx
 *(.ARM.exidx* .gnu.linkonce.armexidx.*)
                0x00000000000009cc                PROVIDE (__exidx_end, .)

.eh_frame_hdr   0x00000000000009c0        0x0
 *(.eh_frame_hdr)
 .eh_frame_hdr  0x00000000000009c0        0x0 /Users/bzawisto/Projects/android-ndk-r10e/platforms/android-14/arch-arm/usr/lib/crtend_so.o

.eh_frame
 *(.eh_frame)

.gcc_except_table
 *(.gcc_except_table .gcc_except_table.*)

.exception_ranges
 *(.exception_ranges .exception_ranges*)
                0x0000000000010000                . = ALIGN (0x10000)
                0x0000000000010ec8                . = DATA_SEGMENT_ALIGN (0x10000, 0x1000)

.eh_frame
 *(.eh_frame)

.gcc_except_table
 *(.gcc_except_table .gcc_except_table.*)

.exception_ranges
 *(.exception_ranges .exception_ranges*)

.tdata
 *(.tdata .tdata.* .gnu.linkonce.td.*)

.tbss
 *(.tbss .tbss.* .gnu.linkonce.tb.*)
 *(.tcommon)
                0x0000000000010ec8                . = ALIGN (0x4)

.preinit_array
 *(.preinit_array)

.init_array     0x0000000000010ec8        0x4
 *crtbegin*.o(.init_array)
 *(SORT(.init_array.*) SORT(.ctors.*))
 *(.init_array EXCLUDE_FILE(*crtend*.o *crtend.o *crtbegin*.o *crtbegin.o) .ctors)
 .init_array    0x0000000000010ec8        0x4 /Users/bzawisto/Projects/android-ndk-r10e/platforms/android-14/arch-arm/usr/lib/crtend_so.o

.fini_array     0x0000000000010ecc        0x8
 *crtbegin*.o(.fini_array)
 .fini_array    0x0000000000010ecc        0x4 /Users/bzawisto/Projects/android-ndk-r10e/platforms/android-14/arch-arm/usr/lib/crtbegin_so.o
 *(SORT(.fini_array.*) SORT(.dtors.*))
 *(.fini_array EXCLUDE_FILE(*crtend*.o *crtend.o *crtbegin*.o *crtbegin.o) .dtors)
 .fini_array    0x0000000000010ed0        0x4 /Users/bzawisto/Projects/android-ndk-r10e/platforms/android-14/arch-arm/usr/lib/crtend_so.o

.ctors
 *crtbegin.o(.ctors)
 *crtbegin*.o(.ctors)
 *(EXCLUDE_FILE(*crtend*.o *crtend.o) .ctors)
 *(SORT(.ctors.*))
 *(.ctors)

.dtors
 *crtbegin.o(.dtors)
 *crtbegin*.o(.dtors)
 *(EXCLUDE_FILE(*crtend*.o *crtend.o) .dtors)
 *(SORT(.dtors.*))
 *(.dtors)

.jcr
 *(.jcr)

.data.rel.ro
 *(.data.rel.ro.local* .gnu.linkonce.d.rel.ro.local.*)
 *(.data.rel.ro .data.rel.ro.* .gnu.linkonce.d.rel.ro.*)

.dynamic        0x0000000000010ed4       0xf8
 *(.dynamic)
 .dynamic       0x0000000000010ed4       0xf8 /Users/bzawisto/Projects/android-ndk-r10e/platforms/android-14/arch-arm/usr/lib/crtbegin_so.o
                0x0000000000010ed4                _DYNAMIC

.got            0x0000000000010fcc       0x34
 *(.got.plt)
 .got.plt       0x0000000000010fcc       0x28 /Users/bzawisto/Projects/android-ndk-r10e/platforms/android-14/arch-arm/usr/lib/crtbegin_so.o
                0x0000000000010fcc                _GLOBAL_OFFSET_TABLE_
 *(.igot.plt)
 .igot.plt      0x0000000000010ff4        0x0 /Users/bzawisto/Projects/android-ndk-r10e/platforms/android-14/arch-arm/usr/lib/crtbegin_so.o
 *(.got)
 .got           0x0000000000010ff4        0xc /Users/bzawisto/Projects/android-ndk-r10e/platforms/android-14/arch-arm/usr/lib/crtbegin_so.o
 *(.igot)
                0x0000000000011000                . = DATA_SEGMENT_RELRO_END (., 0x0)

.data           0x0000000000011000        0x4
                0x0000000000011000                PROVIDE (__data_start, .)
 *(.data .data.* .gnu.linkonce.d.*)
 .data          0x0000000000011000        0x4 /Users/bzawisto/Projects/android-ndk-r10e/platforms/android-14/arch-arm/usr/lib/crtbegin_so.o
                0x0000000000011000                __dso_handle
 .data          0x0000000000011004        0x0 release/s3eFirebase_platform.os
 .data          0x0000000000011004        0x0 release/s3eFirebase.os
 .data          0x0000000000011004        0x0 release/s3eFirebase_register.os
 .data          0x0000000000011004        0x0 /Applications/Marmalade.app/Contents/s3e/edk/lib/android/libedk.a(edk_helpers.o)
 .data          0x0000000000011004        0x0 /Applications/Marmalade.app/Contents/s3e/edk/lib/android/libedk.a(android_edk_marker.o)
 .data          0x0000000000011004        0x0 /Users/bzawisto/Projects/android-ndk-r10e/platforms/android-14/arch-arm/usr/lib/crtend_so.o

.data1
 *(.data1)
                0x0000000000011004                _edata = .
                0x0000000000011004                PROVIDE (edata, .)
                0x0000000000011004                . = .
                0x0000000000011004                __bss_start = .
                0x0000000000011004                __bss_start__ = .

.bss            0x0000000000011004        0x8
 *(.dynbss)
 .dynbss        0x0000000000011004        0x0 /Users/bzawisto/Projects/android-ndk-r10e/platforms/android-14/arch-arm/usr/lib/crtbegin_so.o
 *(.bss .bss.* .gnu.linkonce.b.*)
 .bss           0x0000000000011004        0x0 /Users/bzawisto/Projects/android-ndk-r10e/platforms/android-14/arch-arm/usr/lib/crtbegin_so.o
 .bss           0x0000000000011004        0x8 release/s3eFirebase_platform.os
 .bss           0x000000000001100c        0x0 release/s3eFirebase.os
 .bss           0x000000000001100c        0x0 release/s3eFirebase_register.os
 .bss           0x000000000001100c        0x0 /Applications/Marmalade.app/Contents/s3e/edk/lib/android/libedk.a(edk_helpers.o)
 .bss           0x000000000001100c        0x0 /Applications/Marmalade.app/Contents/s3e/edk/lib/android/libedk.a(android_edk_marker.o)
 .bss           0x000000000001100c        0x0 /Users/bzawisto/Projects/android-ndk-r10e/platforms/android-14/arch-arm/usr/lib/crtend_so.o
 *(COMMON)
                0x000000000001100c                . = ALIGN (0x4)
                0x000000000001100c                _bss_end__ = .
                0x000000000001100c                __bss_end__ = .
                0x000000000001100c                . = ALIGN (0x4)
                0x000000000001100c                . = SEGMENT_START ("ldata-segment", .)
                0x000000000001100c                . = ALIGN (0x4)
                0x000000000001100c                __end__ = .
                0x000000000001100c                _end = .
                0x000000000001100c                _bss_end__ = .
                0x000000000001100c                __bss_end__ = .
                0x000000000001100c                __end__ = .
                0x000000000001100c                PROVIDE (end, .)
                0x000000000001100c                . = DATA_SEGMENT_END (.)

.stab
 *(.stab)

.stabstr
 *(.stabstr)

.stab.excl
 *(.stab.excl)

.stab.exclstr
 *(.stab.exclstr)

.stab.index
 *(.stab.index)

.stab.indexstr
 *(.stab.indexstr)

.comment        0x0000000000000000       0x34
 *(.comment)
 .comment       0x0000000000000000        0xf /Users/bzawisto/Projects/android-ndk-r10e/platforms/android-14/arch-arm/usr/lib/crtbegin_so.o
                                         0x10 (size before relaxing)
 .comment       0x000000000000000f       0x25 release/s3eFirebase_platform.os
                                         0x26 (size before relaxing)
 .comment       0x0000000000000034       0x26 release/s3eFirebase.os
 .comment       0x0000000000000034       0x26 release/s3eFirebase_register.os
 .comment       0x0000000000000034       0x26 /Applications/Marmalade.app/Contents/s3e/edk/lib/android/libedk.a(edk_helpers.o)
 .comment       0x0000000000000034       0x26 /Applications/Marmalade.app/Contents/s3e/edk/lib/android/libedk.a(android_edk_marker.o)

.ARM.attributes
                0x0000000000000000       0x2d
 .ARM.attributes
                0x0000000000000000       0x2b /Users/bzawisto/Projects/android-ndk-r10e/platforms/android-14/arch-arm/usr/lib/crtbegin_so.o
 .ARM.attributes
                0x000000000000002b       0x2f release/s3eFirebase_platform.os
 .ARM.attributes
                0x000000000000005a       0x2f release/s3eFirebase.os
 .ARM.attributes
                0x0000000000000089       0x2f release/s3eFirebase_register.os
 .ARM.attributes
                0x00000000000000b8       0x2f /Applications/Marmalade.app/Contents/s3e/edk/lib/android/libedk.a(edk_helpers.o)
 .ARM.attributes
                0x00000000000000e7       0x2f /Applications/Marmalade.app/Contents/s3e/edk/lib/android/libedk.a(android_edk_marker.o)
 .ARM.attributes
                0x0000000000000116       0x1d /Users/bzawisto/Projects/android-ndk-r10e/platforms/android-14/arch-arm/usr/lib/crtend_so.o

.debug
 *(.debug)

.line
 *(.line)

.debug_srcinfo
 *(.debug_srcinfo)

.debug_sfnames
 *(.debug_sfnames)

.debug_aranges  0x0000000000000000       0x70
 *(.debug_aranges)
 .debug_aranges
                0x0000000000000000       0x30 release/s3eFirebase_platform.os
 .debug_aranges
                0x0000000000000030       0x20 release/s3eFirebase.os
 .debug_aranges
                0x0000000000000050       0x20 release/s3eFirebase_register.os

.debug_pubnames
 *(.debug_pubnames)

.debug_info     0x0000000000000000     0x60e3
 *(.debug_info .gnu.linkonce.wi.*)
 .debug_info    0x0000000000000000     0x5d6d release/s3eFirebase_platform.os
 .debug_info    0x0000000000005d6d      0x11c release/s3eFirebase.os
 .debug_info    0x0000000000005e89      0x25a release/s3eFirebase_register.os

.debug_abbrev   0x0000000000000000      0x64f
 *(.debug_abbrev)
 .debug_abbrev  0x0000000000000000      0x423 release/s3eFirebase_platform.os
 .debug_abbrev  0x0000000000000423       0xcd release/s3eFirebase.os
 .debug_abbrev  0x00000000000004f0      0x15f release/s3eFirebase_register.os

.debug_line     0x0000000000000000      0x5a4
 *(.debug_line .debug_line.* .debug_line_end)
 .debug_line    0x0000000000000000      0x31d release/s3eFirebase_platform.os
 .debug_line    0x000000000000031d      0x137 release/s3eFirebase.os
 .debug_line    0x0000000000000454      0x150 release/s3eFirebase_register.os

.debug_frame    0x0000000000000000      0x198
 *(.debug_frame)
 .debug_frame   0x0000000000000000      0x100 release/s3eFirebase_platform.os
 .debug_frame   0x0000000000000100       0x40 release/s3eFirebase.os
 .debug_frame   0x0000000000000140       0x58 release/s3eFirebase_register.os

.debug_str      0x0000000000000000     0x4aeb
 *(.debug_str)
 .debug_str     0x0000000000000000     0x4942 release/s3eFirebase_platform.os
                                       0x4ac5 (size before relaxing)
 .debug_str     0x0000000000004942       0xb7 release/s3eFirebase.os
                                        0x363 (size before relaxing)
 .debug_str     0x00000000000049f9       0xf2 release/s3eFirebase_register.os
                                        0x37a (size before relaxing)

.debug_loc      0x0000000000000000      0x2df
 *(.debug_loc)
 .debug_loc     0x0000000000000000      0x2df release/s3eFirebase_platform.os

.debug_macinfo
 *(.debug_macinfo)

.debug_weaknames
 *(.debug_weaknames)

.debug_funcnames
 *(.debug_funcnames)

.debug_typenames
 *(.debug_typenames)

.debug_varnames
 *(.debug_varnames)

.debug_pubtypes
 *(.debug_pubtypes)

.debug_ranges   0x0000000000000000      0x190
 *(.debug_ranges)
 .debug_ranges  0x0000000000000000      0x150 release/s3eFirebase_platform.os
 .debug_ranges  0x0000000000000150       0x40 release/s3eFirebase_register.os

.debug_macro
 *(.debug_macro)

.gnu.attributes
 *(.gnu.attributes)

.note.gnu.arm.ident
 *(.note.gnu.arm.ident)

/DISCARD/
 *(.note.GNU-stack)
 *(.gnu_debuglink)
 *(.gnu.lto_*)
 *(.mdebug.*)
OUTPUT(/Users/bzawisto/Projects/bs-frontend/BattleSkylands/edk/s3eFirebase/lib/android/libs3eFirebase.so elf32-littlearm)
