Archive member included to satisfy reference by file (symbol)

/Applications/Marmalade.app/Contents/s3e/edk/lib/android/libedk.a(IwDebug.o)
                              debug/s3eFirebase_register.os (IwDebugTraceIsChannelOn)
/Applications/Marmalade.app/Contents/s3e/edk/lib/android/libedk.a(edk_helpers.o)
                              debug/s3eFirebase_platform.os (s3eEdkThreadRunOnOS)
/Applications/Marmalade.app/Contents/s3e/edk/lib/android/libedk.a(android_edk_marker.o)
                              (libplaceholderplaceholderplaceholderplaceholderplaceholder)
/Users/bzawisto/Projects/android-ndk-r10e/toolchains/arm-linux-androideabi-4.9/prebuilt/darwin-x86_64/bin/../lib/gcc/arm-linux-androideabi/4.9/libgcc.a(_aeabi_ldivmod.o)
                              /Applications/Marmalade.app/Contents/s3e/edk/lib/android/libedk.a(IwDebug.o) (__aeabi_ldivmod)
/Users/bzawisto/Projects/android-ndk-r10e/toolchains/arm-linux-androideabi-4.9/prebuilt/darwin-x86_64/bin/../lib/gcc/arm-linux-androideabi/4.9/libgcc.a(_dvmd_lnx.o)
                              /Users/bzawisto/Projects/android-ndk-r10e/toolchains/arm-linux-androideabi-4.9/prebuilt/darwin-x86_64/bin/../lib/gcc/arm-linux-androideabi/4.9/libgcc.a(_aeabi_ldivmod.o) (__aeabi_ldiv0)
/Users/bzawisto/Projects/android-ndk-r10e/toolchains/arm-linux-androideabi-4.9/prebuilt/darwin-x86_64/bin/../lib/gcc/arm-linux-androideabi/4.9/libgcc.a(bpabi.o)
                              /Users/bzawisto/Projects/android-ndk-r10e/toolchains/arm-linux-androideabi-4.9/prebuilt/darwin-x86_64/bin/../lib/gcc/arm-linux-androideabi/4.9/libgcc.a(_aeabi_ldivmod.o) (__gnu_ldivmod_helper)
/Users/bzawisto/Projects/android-ndk-r10e/toolchains/arm-linux-androideabi-4.9/prebuilt/darwin-x86_64/bin/../lib/gcc/arm-linux-androideabi/4.9/libgcc.a(unwind-arm.o)
                              /Users/bzawisto/Projects/android-ndk-r10e/toolchains/arm-linux-androideabi-4.9/prebuilt/darwin-x86_64/bin/../lib/gcc/arm-linux-androideabi/4.9/libgcc.a(bpabi.o) (__aeabi_unwind_cpp_pr0)
/Users/bzawisto/Projects/android-ndk-r10e/toolchains/arm-linux-androideabi-4.9/prebuilt/darwin-x86_64/bin/../lib/gcc/arm-linux-androideabi/4.9/libgcc.a(libunwind.o)
                              /Users/bzawisto/Projects/android-ndk-r10e/toolchains/arm-linux-androideabi-4.9/prebuilt/darwin-x86_64/bin/../lib/gcc/arm-linux-androideabi/4.9/libgcc.a(unwind-arm.o) (restore_core_regs)
/Users/bzawisto/Projects/android-ndk-r10e/toolchains/arm-linux-androideabi-4.9/prebuilt/darwin-x86_64/bin/../lib/gcc/arm-linux-androideabi/4.9/libgcc.a(pr-support.o)
                              /Users/bzawisto/Projects/android-ndk-r10e/toolchains/arm-linux-androideabi-4.9/prebuilt/darwin-x86_64/bin/../lib/gcc/arm-linux-androideabi/4.9/libgcc.a(unwind-arm.o) (__gnu_unwind_execute)
/Users/bzawisto/Projects/android-ndk-r10e/toolchains/arm-linux-androideabi-4.9/prebuilt/darwin-x86_64/bin/../lib/gcc/arm-linux-androideabi/4.9/libgcc.a(_divdi3.o)
                              /Users/bzawisto/Projects/android-ndk-r10e/toolchains/arm-linux-androideabi-4.9/prebuilt/darwin-x86_64/bin/../lib/gcc/arm-linux-androideabi/4.9/libgcc.a(bpabi.o) (__divdi3)
/Users/bzawisto/Projects/android-ndk-r10e/toolchains/arm-linux-androideabi-4.9/prebuilt/darwin-x86_64/bin/../lib/gcc/arm-linux-androideabi/4.9/libgcc.a(_udivdi3.o)
                              /Users/bzawisto/Projects/android-ndk-r10e/toolchains/arm-linux-androideabi-4.9/prebuilt/darwin-x86_64/bin/../lib/gcc/arm-linux-androideabi/4.9/libgcc.a(bpabi.o) (__udivdi3)
/Users/bzawisto/Projects/android-ndk-r10e/toolchains/arm-linux-androideabi-4.9/prebuilt/darwin-x86_64/bin/../lib/gcc/arm-linux-androideabi/4.9/libgcc.a(_lshrdi3.o)
                              /Users/bzawisto/Projects/android-ndk-r10e/toolchains/arm-linux-androideabi-4.9/prebuilt/darwin-x86_64/bin/../lib/gcc/arm-linux-androideabi/4.9/libgcc.a(_divdi3.o) (__aeabi_llsr)
/Users/bzawisto/Projects/android-ndk-r10e/toolchains/arm-linux-androideabi-4.9/prebuilt/darwin-x86_64/bin/../lib/gcc/arm-linux-androideabi/4.9/libgcc.a(_ashldi3.o)
                              /Users/bzawisto/Projects/android-ndk-r10e/toolchains/arm-linux-androideabi-4.9/prebuilt/darwin-x86_64/bin/../lib/gcc/arm-linux-androideabi/4.9/libgcc.a(_divdi3.o) (__aeabi_llsl)

Discarded input sections

 .note.GNU-stack
                0x0000000000000000        0x0 /Users/bzawisto/Projects/android-ndk-r10e/platforms/android-14/arch-arm/usr/lib/crtbegin_so.o
 .group         0x0000000000000000        0x8 debug/s3eFirebase_platform.os
 .group         0x0000000000000000        0x8 debug/s3eFirebase_platform.os
 .group         0x0000000000000000        0x8 debug/s3eFirebase_platform.os
 .group         0x0000000000000000        0x8 debug/s3eFirebase_platform.os
 .group         0x0000000000000000        0x8 debug/s3eFirebase_platform.os
 .group         0x0000000000000000        0x8 debug/s3eFirebase_platform.os
 .group         0x0000000000000000        0x8 debug/s3eFirebase_platform.os
 .group         0x0000000000000000        0x8 debug/s3eFirebase_platform.os
 .group         0x0000000000000000        0x8 debug/s3eFirebase_platform.os
 .group         0x0000000000000000        0x8 debug/s3eFirebase_platform.os
 .group         0x0000000000000000        0x8 debug/s3eFirebase_platform.os
 .note.GNU-stack
                0x0000000000000000        0x0 debug/s3eFirebase_platform.os
 .note.GNU-stack
                0x0000000000000000        0x0 debug/s3eFirebase.os
 .note.GNU-stack
                0x0000000000000000        0x0 debug/s3eFirebase_register.os
 .note.GNU-stack
                0x0000000000000000        0x0 /Applications/Marmalade.app/Contents/s3e/edk/lib/android/libedk.a(IwDebug.o)
 .note.GNU-stack
                0x0000000000000000        0x0 /Applications/Marmalade.app/Contents/s3e/edk/lib/android/libedk.a(edk_helpers.o)
 .note.GNU-stack
                0x0000000000000000        0x0 /Applications/Marmalade.app/Contents/s3e/edk/lib/android/libedk.a(android_edk_marker.o)
 .note.GNU-stack
                0x0000000000000000        0x0 /Users/bzawisto/Projects/android-ndk-r10e/toolchains/arm-linux-androideabi-4.9/prebuilt/darwin-x86_64/bin/../lib/gcc/arm-linux-androideabi/4.9/libgcc.a(_aeabi_ldivmod.o)
 .note.GNU-stack
                0x0000000000000000        0x0 /Users/bzawisto/Projects/android-ndk-r10e/toolchains/arm-linux-androideabi-4.9/prebuilt/darwin-x86_64/bin/../lib/gcc/arm-linux-androideabi/4.9/libgcc.a(_dvmd_lnx.o)
 .note.GNU-stack
                0x0000000000000000        0x0 /Users/bzawisto/Projects/android-ndk-r10e/toolchains/arm-linux-androideabi-4.9/prebuilt/darwin-x86_64/bin/../lib/gcc/arm-linux-androideabi/4.9/libgcc.a(bpabi.o)
 .note.GNU-stack
                0x0000000000000000        0x0 /Users/bzawisto/Projects/android-ndk-r10e/toolchains/arm-linux-androideabi-4.9/prebuilt/darwin-x86_64/bin/../lib/gcc/arm-linux-androideabi/4.9/libgcc.a(unwind-arm.o)
 .note.GNU-stack
                0x0000000000000000        0x0 /Users/bzawisto/Projects/android-ndk-r10e/toolchains/arm-linux-androideabi-4.9/prebuilt/darwin-x86_64/bin/../lib/gcc/arm-linux-androideabi/4.9/libgcc.a(libunwind.o)
 .note.GNU-stack
                0x0000000000000000        0x0 /Users/bzawisto/Projects/android-ndk-r10e/toolchains/arm-linux-androideabi-4.9/prebuilt/darwin-x86_64/bin/../lib/gcc/arm-linux-androideabi/4.9/libgcc.a(pr-support.o)
 .note.GNU-stack
                0x0000000000000000        0x0 /Users/bzawisto/Projects/android-ndk-r10e/toolchains/arm-linux-androideabi-4.9/prebuilt/darwin-x86_64/bin/../lib/gcc/arm-linux-androideabi/4.9/libgcc.a(_divdi3.o)
 .note.GNU-stack
                0x0000000000000000        0x0 /Users/bzawisto/Projects/android-ndk-r10e/toolchains/arm-linux-androideabi-4.9/prebuilt/darwin-x86_64/bin/../lib/gcc/arm-linux-androideabi/4.9/libgcc.a(_udivdi3.o)
 .note.GNU-stack
                0x0000000000000000        0x0 /Users/bzawisto/Projects/android-ndk-r10e/toolchains/arm-linux-androideabi-4.9/prebuilt/darwin-x86_64/bin/../lib/gcc/arm-linux-androideabi/4.9/libgcc.a(_lshrdi3.o)
 .note.GNU-stack
                0x0000000000000000        0x0 /Users/bzawisto/Projects/android-ndk-r10e/toolchains/arm-linux-androideabi-4.9/prebuilt/darwin-x86_64/bin/../lib/gcc/arm-linux-androideabi/4.9/libgcc.a(_ashldi3.o)
 .note.GNU-stack
                0x0000000000000000        0x0 /Users/bzawisto/Projects/android-ndk-r10e/platforms/android-14/arch-arm/usr/lib/crtend_so.o

Memory Configuration

Name             Origin             Length             Attributes
*default*        0x0000000000000000 0xffffffffffffffff

Linker script and memory map

LOAD /Users/bzawisto/Projects/android-ndk-r10e/platforms/android-14/arch-arm/usr/lib/crtbegin_so.o
LOAD debug/s3eFirebase_platform.os
LOAD debug/s3eFirebase.os
LOAD debug/s3eFirebase_register.os
LOAD /Applications/Marmalade.app/Contents/s3e/edk/lib/android/libedk.a
LOAD /Applications/Marmalade.app/Contents/s3e/edk/lib/android/libs3e_android.so
LOAD /Users/bzawisto/Projects/android-ndk-r10e/platforms/android-14/arch-arm/usr/lib/liblog.so
LOAD /Users/bzawisto/Projects/android-ndk-r10e/toolchains/arm-linux-androideabi-4.9/prebuilt/darwin-x86_64/bin/../lib/gcc/arm-linux-androideabi/4.9/libgcc.a
LOAD /Users/bzawisto/Projects/android-ndk-r10e/sources/cxx-stl/gnu-libstdc++/4.9/libs/armeabi/libgnustl_static.a
LOAD /Users/bzawisto/Projects/android-ndk-r10e/platforms/android-14/arch-arm/usr/lib/libstdc++.so
LOAD /Users/bzawisto/Projects/android-ndk-r10e/platforms/android-14/arch-arm/usr/lib/libm.so
LOAD /Users/bzawisto/Projects/android-ndk-r10e/platforms/android-14/arch-arm/usr/lib/libc.so
LOAD /Users/bzawisto/Projects/android-ndk-r10e/toolchains/arm-linux-androideabi-4.9/prebuilt/darwin-x86_64/bin/../lib/gcc/arm-linux-androideabi/4.9/libgcc.a
LOAD /Users/bzawisto/Projects/android-ndk-r10e/platforms/android-14/arch-arm/usr/lib/libc.so
LOAD /Users/bzawisto/Projects/android-ndk-r10e/platforms/android-14/arch-arm/usr/lib/libdl.so
LOAD /Users/bzawisto/Projects/android-ndk-r10e/toolchains/arm-linux-androideabi-4.9/prebuilt/darwin-x86_64/bin/../lib/gcc/arm-linux-androideabi/4.9/libgcc.a
LOAD /Users/bzawisto/Projects/android-ndk-r10e/platforms/android-14/arch-arm/usr/lib/crtend_so.o
                0x00000000000000f4                . = (0x0 + SIZEOF_HEADERS)

.note.gnu.build-id
 *(.note.gnu.build-id)

.hash           0x00000000000000f4      0x294
 *(.hash)
 .hash          0x00000000000000f4      0x294 /Users/bzawisto/Projects/android-ndk-r10e/platforms/android-14/arch-arm/usr/lib/crtbegin_so.o

.gnu.hash
 *(.gnu.hash)

.dynsym         0x0000000000000388      0x600
 *(.dynsym)
 .dynsym        0x0000000000000388      0x600 /Users/bzawisto/Projects/android-ndk-r10e/platforms/android-14/arch-arm/usr/lib/crtbegin_so.o

.dynstr         0x0000000000000988      0x64f
 *(.dynstr)
 .dynstr        0x0000000000000988      0x64f /Users/bzawisto/Projects/android-ndk-r10e/platforms/android-14/arch-arm/usr/lib/crtbegin_so.o

.gnu.version    0x0000000000000fd8        0x0
 *(.gnu.version)
 .gnu.version   0x0000000000000fd8        0x0 /Users/bzawisto/Projects/android-ndk-r10e/platforms/android-14/arch-arm/usr/lib/crtbegin_so.o

.gnu.version_d  0x0000000000000fd8        0x0
 *(.gnu.version_d)
 .gnu.version_d
                0x0000000000000fd8        0x0 /Users/bzawisto/Projects/android-ndk-r10e/platforms/android-14/arch-arm/usr/lib/crtbegin_so.o

.gnu.version_r  0x0000000000000fd8        0x0
 *(.gnu.version_r)
 .gnu.version_r
                0x0000000000000fd8        0x0 /Users/bzawisto/Projects/android-ndk-r10e/platforms/android-14/arch-arm/usr/lib/crtbegin_so.o

.rel.dyn        0x0000000000000fd8       0x60
 *(.rel.init)
 *(.rel.text .rel.text.* .rel.gnu.linkonce.t.*)
 *(.rel.fini)
 *(.rel.rodata .rel.rodata.* .rel.gnu.linkonce.r.*)
 *(.rel.data.rel.ro .rel.data.rel.ro.* .rel.gnu.linkonce.d.rel.ro.*)
 *(.rel.data .rel.data.* .rel.gnu.linkonce.d.*)
 *(.rel.tdata .rel.tdata.* .rel.gnu.linkonce.td.*)
 *(.rel.tbss .rel.tbss.* .rel.gnu.linkonce.tb.*)
 *(.rel.ctors)
 *(.rel.dtors)
 *(.rel.got)
 .rel.got       0x0000000000000fd8       0x50 /Users/bzawisto/Projects/android-ndk-r10e/platforms/android-14/arch-arm/usr/lib/crtbegin_so.o
 *(.rel.bss .rel.bss.* .rel.gnu.linkonce.b.*)
 *(.rel.iplt)
 .rel.iplt      0x0000000000001028        0x0 /Users/bzawisto/Projects/android-ndk-r10e/platforms/android-14/arch-arm/usr/lib/crtbegin_so.o
 .rel.fini_array
                0x0000000000001028        0x8 /Users/bzawisto/Projects/android-ndk-r10e/platforms/android-14/arch-arm/usr/lib/crtbegin_so.o
 .rel.init_array
                0x0000000000001030        0x8 /Users/bzawisto/Projects/android-ndk-r10e/platforms/android-14/arch-arm/usr/lib/crtbegin_so.o

.rela.dyn
 *(.rela.init)
 *(.rela.text .rela.text.* .rela.gnu.linkonce.t.*)
 *(.rela.fini)
 *(.rela.rodata .rela.rodata.* .rela.gnu.linkonce.r.*)
 *(.rela.data .rela.data.* .rela.gnu.linkonce.d.*)
 *(.rela.tdata .rela.tdata.* .rela.gnu.linkonce.td.*)
 *(.rela.tbss .rela.tbss.* .rela.gnu.linkonce.tb.*)
 *(.rela.ctors)
 *(.rela.dtors)
 *(.rela.got)
 *(.rela.bss .rela.bss.* .rela.gnu.linkonce.b.*)
 *(.rela.iplt)

.rel.plt        0x0000000000001038       0xf0
 *(.rel.plt)
 .rel.plt       0x0000000000001038       0xf0 /Users/bzawisto/Projects/android-ndk-r10e/platforms/android-14/arch-arm/usr/lib/crtbegin_so.o

.rela.plt
 *(.rela.plt)

.init
 *(SORT(.init))

.plt            0x0000000000001128      0x17c
 *(.plt)
 .plt           0x0000000000001128      0x17c /Users/bzawisto/Projects/android-ndk-r10e/platforms/android-14/arch-arm/usr/lib/crtbegin_so.o

.iplt           0x00000000000012a4        0x0
 *(.iplt)
 .iplt          0x00000000000012a4        0x0 /Users/bzawisto/Projects/android-ndk-r10e/platforms/android-14/arch-arm/usr/lib/crtbegin_so.o

.text           0x00000000000012a4     0x3258
 *(.text.unlikely .text.*_unlikely .text.unlikely.*)
 *(.text.exit .text.exit.*)
 .text.exit     0x00000000000012a4       0x10 /Users/bzawisto/Projects/android-ndk-r10e/platforms/android-14/arch-arm/usr/lib/crtbegin_so.o
                0x00000000000012a4                __on_dlclose
 *(.text.startup .text.startup.*)
 .text.startup._GLOBAL__sub_I_IwDebug.cpp
                0x00000000000012b4       0x78 /Applications/Marmalade.app/Contents/s3e/edk/lib/android/libedk.a(IwDebug.o)
 *(.text.hot .text.hot.*)
 *(.text .stub .text.* .gnu.linkonce.t.*)
 .text          0x000000000000132c       0x34 /Users/bzawisto/Projects/android-ndk-r10e/platforms/android-14/arch-arm/usr/lib/crtbegin_so.o
                0x000000000000132c                __atexit_handler_wrapper
                0x0000000000001340                atexit
 .text          0x0000000000001360      0x328 debug/s3eFirebase_platform.os
                0x0000000000001468                s3eFirebaseInit_platform()
                0x00000000000015f8                s3eFirebaseTerminate_platform()
                0x0000000000001640                s3eFirebaseInitialize_platform()
 .text._ZN7_JNIEnv9FindClassEPKc
                0x0000000000001688       0x3c debug/s3eFirebase_platform.os
                0x0000000000001688                _JNIEnv::FindClass(char const*)
 .text._ZN7_JNIEnv17ExceptionOccurredEv
                0x00000000000016c4       0x34 debug/s3eFirebase_platform.os
                0x00000000000016c4                _JNIEnv::ExceptionOccurred()
 .text._ZN7_JNIEnv17ExceptionDescribeEv
                0x00000000000016f8       0x28 debug/s3eFirebase_platform.os
                0x00000000000016f8                _JNIEnv::ExceptionDescribe()
 .text._ZN7_JNIEnv14ExceptionClearEv
                0x0000000000001720       0x28 debug/s3eFirebase_platform.os
                0x0000000000001720                _JNIEnv::ExceptionClear()
 .text._ZN7_JNIEnv12NewGlobalRefEP8_jobject
                0x0000000000001748       0x3c debug/s3eFirebase_platform.os
                0x0000000000001748                _JNIEnv::NewGlobalRef(_jobject*)
 .text._ZN7_JNIEnv15DeleteGlobalRefEP8_jobject
                0x0000000000001784       0x30 debug/s3eFirebase_platform.os
                0x0000000000001784                _JNIEnv::DeleteGlobalRef(_jobject*)
 .text._ZN7_JNIEnv14DeleteLocalRefEP8_jobject
                0x00000000000017b4       0x30 debug/s3eFirebase_platform.os
                0x00000000000017b4                _JNIEnv::DeleteLocalRef(_jobject*)
 .text._ZN7_JNIEnv9NewObjectEP7_jclassP10_jmethodIDz
                0x00000000000017e4       0x58 debug/s3eFirebase_platform.os
                0x00000000000017e4                _JNIEnv::NewObject(_jclass*, _jmethodID*, ...)
 .text._ZN7_JNIEnv11GetMethodIDEP7_jclassPKcS3_
                0x000000000000183c       0x4c debug/s3eFirebase_platform.os
                0x000000000000183c                _JNIEnv::GetMethodID(_jclass*, char const*, char const*)
 .text._ZN7_JNIEnv14CallVoidMethodEP8_jobjectP10_jmethodIDz
                0x0000000000001888       0x4c debug/s3eFirebase_platform.os
                0x0000000000001888                _JNIEnv::CallVoidMethod(_jobject*, _jmethodID*, ...)
 .text._ZN7_JavaVM6GetEnvEPPvi
                0x00000000000018d4       0x44 debug/s3eFirebase_platform.os
                0x00000000000018d4                _JavaVM::GetEnv(void**, int)
 .text          0x0000000000001918       0x30 debug/s3eFirebase.os
                0x0000000000001918                s3eFirebaseInit()
                0x0000000000001930                s3eFirebaseTerminate()
                0x000000000000193c                s3eFirebaseInitialize
 .text          0x0000000000001948      0x118 debug/s3eFirebase_register.os
                0x00000000000019d0                s3eFirebaseRegisterExt()
                0x0000000000001a54                RegisterExt
 .text          0x0000000000001a60        0x0 /Applications/Marmalade.app/Contents/s3e/edk/lib/android/libedk.a(IwDebug.o)
 .text.IwDebugClearConfigCache
                0x0000000000001a60       0x74 /Applications/Marmalade.app/Contents/s3e/edk/lib/android/libedk.a(IwDebug.o)
                0x0000000000001a60                IwDebugClearConfigCache
 .text.IwDebugAssertIsChannelOn
                0x0000000000001ad4      0x228 /Applications/Marmalade.app/Contents/s3e/edk/lib/android/libedk.a(IwDebug.o)
                0x0000000000001ad4                IwDebugAssertIsChannelOn
 .text.IwDebugAssertShow
                0x0000000000001cfc      0x2f8 /Applications/Marmalade.app/Contents/s3e/edk/lib/android/libedk.a(IwDebug.o)
                0x0000000000001cfc                IwDebugAssertShow
 .text.IwDebugAssertSetSolution
                0x0000000000001ff4       0xb4 /Applications/Marmalade.app/Contents/s3e/edk/lib/android/libedk.a(IwDebug.o)
                0x0000000000001ff4                IwDebugAssertSetSolution
 .text.IwDebugAssertSetMessage
                0x00000000000020a8       0xf4 /Applications/Marmalade.app/Contents/s3e/edk/lib/android/libedk.a(IwDebug.o)
                0x00000000000020a8                IwDebugAssertSetMessage
 .text.IwAssertRegisterTextCallback
                0x000000000000219c       0x20 /Applications/Marmalade.app/Contents/s3e/edk/lib/android/libedk.a(IwDebug.o)
                0x000000000000219c                IwAssertRegisterTextCallback
 .text.IwAssertRegisterCallback
                0x00000000000021bc       0x20 /Applications/Marmalade.app/Contents/s3e/edk/lib/android/libedk.a(IwDebug.o)
                0x00000000000021bc                IwAssertRegisterCallback
 .text.IwDebugTraceDisable
                0x00000000000021dc       0x10 /Applications/Marmalade.app/Contents/s3e/edk/lib/android/libedk.a(IwDebug.o)
                0x00000000000021dc                IwDebugTraceDisable
 .text.IwDebugTraceIsChannelOn
                0x00000000000021ec      0x2f4 /Applications/Marmalade.app/Contents/s3e/edk/lib/android/libedk.a(IwDebug.o)
                0x00000000000021ec                IwDebugTraceIsChannelOn
 .text.IwDebugTraceSetTraceChannel
                0x00000000000024e0       0x18 /Applications/Marmalade.app/Contents/s3e/edk/lib/android/libedk.a(IwDebug.o)
                0x00000000000024e0                IwDebugTraceSetTraceChannel
 .text.IwDebugTraceChannelSwitch
                0x00000000000024f8      0x1fc /Applications/Marmalade.app/Contents/s3e/edk/lib/android/libedk.a(IwDebug.o)
                0x00000000000024f8                IwDebugTraceChannelSwitch
 .text.IwDebugTraceChannelOverrideReset
                0x00000000000026f4       0x4c /Applications/Marmalade.app/Contents/s3e/edk/lib/android/libedk.a(IwDebug.o)
                0x00000000000026f4                IwDebugTraceChannelOverrideReset
 .text.IwDebugTraceChannelOverride
                0x0000000000002740      0x1fc /Applications/Marmalade.app/Contents/s3e/edk/lib/android/libedk.a(IwDebug.o)
                0x0000000000002740                IwDebugTraceChannelOverride
 .text.IwDebugTraceLineVPrintf
                0x000000000000293c       0xfc /Applications/Marmalade.app/Contents/s3e/edk/lib/android/libedk.a(IwDebug.o)
                0x000000000000293c                IwDebugTraceLineVPrintf
 .text.IwDebugTraceLinePrintf
                0x0000000000002a38       0x30 /Applications/Marmalade.app/Contents/s3e/edk/lib/android/libedk.a(IwDebug.o)
                0x0000000000002a38                IwDebugTraceLinePrintf
 .text.IwDebugErrorRegisterCallback
                0x0000000000002a68       0x1c /Applications/Marmalade.app/Contents/s3e/edk/lib/android/libedk.a(IwDebug.o)
                0x0000000000002a68                IwDebugErrorRegisterCallback
 .text.IwDebugErrorShow
                0x0000000000002a84      0x108 /Applications/Marmalade.app/Contents/s3e/edk/lib/android/libedk.a(IwDebug.o)
                0x0000000000002a84                IwDebugErrorShow
 .text.IwDebugAssertSetUID
                0x0000000000002b8c       0x14 /Applications/Marmalade.app/Contents/s3e/edk/lib/android/libedk.a(IwDebug.o)
                0x0000000000002b8c                IwDebugAssertSetUID
 .text          0x0000000000002ba0        0x0 /Applications/Marmalade.app/Contents/s3e/edk/lib/android/libedk.a(edk_helpers.o)
 .text.s3eEdkErrorSetString
                0x0000000000002ba0       0x30 /Applications/Marmalade.app/Contents/s3e/edk/lib/android/libedk.a(edk_helpers.o)
                0x0000000000002ba0                s3eEdkErrorSetString
 .text.s3eEdkThreadRunOnOS
                0x0000000000002bd0       0x30 /Applications/Marmalade.app/Contents/s3e/edk/lib/android/libedk.a(edk_helpers.o)
                0x0000000000002bd0                s3eEdkThreadRunOnOS
 .text.s3eEdkThreadRunOnOSAsync
                0x0000000000002c00       0x30 /Applications/Marmalade.app/Contents/s3e/edk/lib/android/libedk.a(edk_helpers.o)
                0x0000000000002c00                s3eEdkThreadRunOnOSAsync
 .text          0x0000000000002c30        0x0 /Applications/Marmalade.app/Contents/s3e/edk/lib/android/libedk.a(android_edk_marker.o)
 .text.libplaceholderplaceholderplaceholderplaceholderplaceholder
                0x0000000000002c30        0x4 /Applications/Marmalade.app/Contents/s3e/edk/lib/android/libedk.a(android_edk_marker.o)
                0x0000000000002c30                libplaceholderplaceholderplaceholderplaceholderplaceholder
 .text          0x0000000000002c34       0x44 /Users/bzawisto/Projects/android-ndk-r10e/toolchains/arm-linux-androideabi-4.9/prebuilt/darwin-x86_64/bin/../lib/gcc/arm-linux-androideabi/4.9/libgcc.a(_aeabi_ldivmod.o)
                0x0000000000002c34                __aeabi_ldivmod
 .text          0x0000000000002c78       0x10 /Users/bzawisto/Projects/android-ndk-r10e/toolchains/arm-linux-androideabi-4.9/prebuilt/darwin-x86_64/bin/../lib/gcc/arm-linux-androideabi/4.9/libgcc.a(_dvmd_lnx.o)
                0x0000000000002c78                __aeabi_ldiv0
                0x0000000000002c78                __aeabi_idiv0
 .text          0x0000000000002c88       0x78 /Users/bzawisto/Projects/android-ndk-r10e/toolchains/arm-linux-androideabi-4.9/prebuilt/darwin-x86_64/bin/../lib/gcc/arm-linux-androideabi/4.9/libgcc.a(bpabi.o)
                0x0000000000002c88                __gnu_ldivmod_helper
                0x0000000000002cc4                __gnu_uldivmod_helper
 .text          0x0000000000002d00      0xee8 /Users/bzawisto/Projects/android-ndk-r10e/toolchains/arm-linux-androideabi-4.9/prebuilt/darwin-x86_64/bin/../lib/gcc/arm-linux-androideabi/4.9/libgcc.a(unwind-arm.o)
                0x000000000000312c                _Unwind_GetCFA
                0x0000000000003134                __gnu_Unwind_RaiseException
                0x00000000000031d8                __gnu_Unwind_ForcedUnwind
                0x00000000000031f4                __gnu_Unwind_Resume
                0x0000000000003268                __gnu_Unwind_Resume_or_Rethrow
                0x0000000000003288                _Unwind_Complete
                0x000000000000328c                _Unwind_DeleteException
                0x00000000000032a4                _Unwind_VRS_Get
                0x0000000000003328                _Unwind_VRS_Set
                0x00000000000033b0                __gnu_Unwind_Backtrace
                0x0000000000003868                __aeabi_unwind_cpp_pr0
                0x0000000000003870                __aeabi_unwind_cpp_pr1
                0x0000000000003878                __aeabi_unwind_cpp_pr2
                0x0000000000003880                _Unwind_VRS_Pop
 .text          0x0000000000003be8      0x1a8 /Users/bzawisto/Projects/android-ndk-r10e/toolchains/arm-linux-androideabi-4.9/prebuilt/darwin-x86_64/bin/../lib/gcc/arm-linux-androideabi/4.9/libgcc.a(libunwind.o)
                0x0000000000003be8                __restore_core_regs
                0x0000000000003be8                restore_core_regs
                0x0000000000003bfc                __gnu_Unwind_Restore_VFP
                0x0000000000003c04                __gnu_Unwind_Save_VFP
                0x0000000000003c0c                __gnu_Unwind_Restore_VFP_D
                0x0000000000003c14                __gnu_Unwind_Save_VFP_D
                0x0000000000003c1c                __gnu_Unwind_Restore_VFP_D_16_to_31
                0x0000000000003c24                __gnu_Unwind_Save_VFP_D_16_to_31
                0x0000000000003c2c                __gnu_Unwind_Restore_WMMXD
                0x0000000000003c70                __gnu_Unwind_Save_WMMXD
                0x0000000000003cb4                __gnu_Unwind_Restore_WMMXC
                0x0000000000003cc8                __gnu_Unwind_Save_WMMXC
                0x0000000000003cdc                _Unwind_RaiseException
                0x0000000000003cdc                ___Unwind_RaiseException
                0x0000000000003d00                ___Unwind_Resume
                0x0000000000003d00                _Unwind_Resume
                0x0000000000003d24                ___Unwind_Resume_or_Rethrow
                0x0000000000003d24                _Unwind_Resume_or_Rethrow
                0x0000000000003d48                _Unwind_ForcedUnwind
                0x0000000000003d48                ___Unwind_ForcedUnwind
                0x0000000000003d6c                _Unwind_Backtrace
                0x0000000000003d6c                ___Unwind_Backtrace
 .text          0x0000000000003d90      0x490 /Users/bzawisto/Projects/android-ndk-r10e/toolchains/arm-linux-androideabi-4.9/prebuilt/darwin-x86_64/bin/../lib/gcc/arm-linux-androideabi/4.9/libgcc.a(pr-support.o)
                0x0000000000003e1c                __gnu_unwind_execute
                0x00000000000041a4                __gnu_unwind_frame
                0x00000000000041e4                _Unwind_GetRegionStart
                0x00000000000041f4                _Unwind_GetLanguageSpecificData
                0x0000000000004210                _Unwind_GetDataRelBase
                0x0000000000004218                _Unwind_GetTextRelBase
 .text          0x0000000000004220      0x194 /Users/bzawisto/Projects/android-ndk-r10e/toolchains/arm-linux-androideabi-4.9/prebuilt/darwin-x86_64/bin/../lib/gcc/arm-linux-androideabi/4.9/libgcc.a(_divdi3.o)
                0x0000000000004220                __divdi3
 .text          0x00000000000043b4      0x110 /Users/bzawisto/Projects/android-ndk-r10e/toolchains/arm-linux-androideabi-4.9/prebuilt/darwin-x86_64/bin/../lib/gcc/arm-linux-androideabi/4.9/libgcc.a(_udivdi3.o)
                0x00000000000043b4                __udivdi3
 .text          0x00000000000044c4       0x1c /Users/bzawisto/Projects/android-ndk-r10e/toolchains/arm-linux-androideabi-4.9/prebuilt/darwin-x86_64/bin/../lib/gcc/arm-linux-androideabi/4.9/libgcc.a(_lshrdi3.o)
                0x00000000000044c4                __aeabi_llsr
                0x00000000000044c4                __lshrdi3
 .text          0x00000000000044e0       0x1c /Users/bzawisto/Projects/android-ndk-r10e/toolchains/arm-linux-androideabi-4.9/prebuilt/darwin-x86_64/bin/../lib/gcc/arm-linux-androideabi/4.9/libgcc.a(_ashldi3.o)
                0x00000000000044e0                __ashldi3
                0x00000000000044e0                __aeabi_llsl
 .text          0x00000000000044fc        0x0 /Users/bzawisto/Projects/android-ndk-r10e/platforms/android-14/arch-arm/usr/lib/crtend_so.o
 *(.gnu.warning)
 *(.glue_7t)
 .glue_7t       0x00000000000044fc        0x0 linker stubs
 *(.glue_7)
 .glue_7        0x00000000000044fc        0x0 linker stubs
 *(.vfp11_veneer)
 .vfp11_veneer  0x00000000000044fc        0x0 linker stubs
 *(.v4_bx)
 .v4_bx         0x00000000000044fc        0x0 linker stubs

.fini
 *(SORT(.fini))
                0x00000000000044fc                PROVIDE (__etext, .)
                0x00000000000044fc                PROVIDE (_etext, .)
                0x00000000000044fc                PROVIDE (etext, .)

.rodata         0x00000000000044fc      0x1ac
 *(.rodata .rodata.* .gnu.linkonce.r.*)
 .rodata        0x00000000000044fc       0x30 debug/s3eFirebase_platform.os
 .rodata        0x000000000000452c       0x60 debug/s3eFirebase_register.os
 .rodata.str1.4
                0x000000000000458c      0x11c /Applications/Marmalade.app/Contents/s3e/edk/lib/android/libedk.a(IwDebug.o)
                                        0x120 (size before relaxing)

.rodata1
 *(.rodata1)

.ARM.extab      0x00000000000046a8       0x3c
 *(.ARM.extab* .gnu.linkonce.armextab.*)
 .ARM.extab     0x00000000000046a8        0xc /Users/bzawisto/Projects/android-ndk-r10e/toolchains/arm-linux-androideabi-4.9/prebuilt/darwin-x86_64/bin/../lib/gcc/arm-linux-androideabi/4.9/libgcc.a(_dvmd_lnx.o)
 .ARM.extab     0x00000000000046b4        0x0 /Users/bzawisto/Projects/android-ndk-r10e/toolchains/arm-linux-androideabi-4.9/prebuilt/darwin-x86_64/bin/../lib/gcc/arm-linux-androideabi/4.9/libgcc.a(bpabi.o)
 .ARM.extab     0x00000000000046b4        0x0 /Users/bzawisto/Projects/android-ndk-r10e/toolchains/arm-linux-androideabi-4.9/prebuilt/darwin-x86_64/bin/../lib/gcc/arm-linux-androideabi/4.9/libgcc.a(unwind-arm.o)
 .ARM.extab     0x00000000000046b4       0x30 /Users/bzawisto/Projects/android-ndk-r10e/toolchains/arm-linux-androideabi-4.9/prebuilt/darwin-x86_64/bin/../lib/gcc/arm-linux-androideabi/4.9/libgcc.a(pr-support.o)
 .ARM.extab     0x00000000000046e4        0x0 /Users/bzawisto/Projects/android-ndk-r10e/toolchains/arm-linux-androideabi-4.9/prebuilt/darwin-x86_64/bin/../lib/gcc/arm-linux-androideabi/4.9/libgcc.a(_divdi3.o)
 .ARM.extab     0x00000000000046e4        0x0 /Users/bzawisto/Projects/android-ndk-r10e/toolchains/arm-linux-androideabi-4.9/prebuilt/darwin-x86_64/bin/../lib/gcc/arm-linux-androideabi/4.9/libgcc.a(_udivdi3.o)
                0x00000000000046e4                PROVIDE (__exidx_start, .)

.ARM.exidx      0x00000000000046e4      0x120
 *(.ARM.exidx* .gnu.linkonce.armexidx.*)
 .ARM.exidx     0x00000000000046e4        0x8 /Users/bzawisto/Projects/android-ndk-r10e/toolchains/arm-linux-androideabi-4.9/prebuilt/darwin-x86_64/bin/../lib/gcc/arm-linux-androideabi/4.9/libgcc.a(_dvmd_lnx.o)
 .ARM.exidx     0x00000000000046ec       0x10 /Users/bzawisto/Projects/android-ndk-r10e/toolchains/arm-linux-androideabi-4.9/prebuilt/darwin-x86_64/bin/../lib/gcc/arm-linux-androideabi/4.9/libgcc.a(bpabi.o)
 .ARM.exidx     0x00000000000046fc       0xa8 /Users/bzawisto/Projects/android-ndk-r10e/toolchains/arm-linux-androideabi-4.9/prebuilt/darwin-x86_64/bin/../lib/gcc/arm-linux-androideabi/4.9/libgcc.a(unwind-arm.o)
                                         0xd8 (size before relaxing)
 .ARM.exidx     0x00000000000047a4       0x48 /Users/bzawisto/Projects/android-ndk-r10e/toolchains/arm-linux-androideabi-4.9/prebuilt/darwin-x86_64/bin/../lib/gcc/arm-linux-androideabi/4.9/libgcc.a(pr-support.o)
 .ARM.exidx     0x00000000000047ec        0x8 /Users/bzawisto/Projects/android-ndk-r10e/toolchains/arm-linux-androideabi-4.9/prebuilt/darwin-x86_64/bin/../lib/gcc/arm-linux-androideabi/4.9/libgcc.a(_divdi3.o)
 .ARM.exidx     0x00000000000047f4       0x10 /Users/bzawisto/Projects/android-ndk-r10e/toolchains/arm-linux-androideabi-4.9/prebuilt/darwin-x86_64/bin/../lib/gcc/arm-linux-androideabi/4.9/libgcc.a(_udivdi3.o)
                                          0x8 (size before relaxing)
                0x0000000000004804                PROVIDE (__exidx_end, .)

.eh_frame_hdr   0x0000000000004804        0x0
 *(.eh_frame_hdr)
 .eh_frame_hdr  0x0000000000004804        0x0 /Users/bzawisto/Projects/android-ndk-r10e/platforms/android-14/arch-arm/usr/lib/crtend_so.o

.eh_frame
 *(.eh_frame)

.gcc_except_table
 *(.gcc_except_table .gcc_except_table.*)

.exception_ranges
 *(.exception_ranges .exception_ranges*)
                0x0000000000010000                . = ALIGN (0x10000)
                0x0000000000010e4c                . = DATA_SEGMENT_ALIGN (0x10000, 0x1000)

.eh_frame
 *(.eh_frame)

.gcc_except_table
 *(.gcc_except_table .gcc_except_table.*)

.exception_ranges
 *(.exception_ranges .exception_ranges*)

.tdata
 *(.tdata .tdata.* .gnu.linkonce.td.*)

.tbss
 *(.tbss .tbss.* .gnu.linkonce.tb.*)
 *(.tcommon)
                0x0000000000010e4c                . = ALIGN (0x4)

.preinit_array
 *(.preinit_array)

.init_array     0x0000000000010e4c        0x8
 *crtbegin*.o(.init_array)
 *(SORT(.init_array.*) SORT(.ctors.*))
 *(.init_array EXCLUDE_FILE(*crtend*.o *crtend.o *crtbegin*.o *crtbegin.o) .ctors)
 .init_array    0x0000000000010e4c        0x4 /Applications/Marmalade.app/Contents/s3e/edk/lib/android/libedk.a(IwDebug.o)
 .init_array    0x0000000000010e50        0x4 /Users/bzawisto/Projects/android-ndk-r10e/platforms/android-14/arch-arm/usr/lib/crtend_so.o

.fini_array     0x0000000000010e54        0x8
 *crtbegin*.o(.fini_array)
 .fini_array    0x0000000000010e54        0x4 /Users/bzawisto/Projects/android-ndk-r10e/platforms/android-14/arch-arm/usr/lib/crtbegin_so.o
 *(SORT(.fini_array.*) SORT(.dtors.*))
 *(.fini_array EXCLUDE_FILE(*crtend*.o *crtend.o *crtbegin*.o *crtbegin.o) .dtors)
 .fini_array    0x0000000000010e58        0x4 /Users/bzawisto/Projects/android-ndk-r10e/platforms/android-14/arch-arm/usr/lib/crtend_so.o

.ctors
 *crtbegin.o(.ctors)
 *crtbegin*.o(.ctors)
 *(EXCLUDE_FILE(*crtend*.o *crtend.o) .ctors)
 *(SORT(.ctors.*))
 *(.ctors)

.dtors
 *crtbegin.o(.dtors)
 *crtbegin*.o(.dtors)
 *(EXCLUDE_FILE(*crtend*.o *crtend.o) .dtors)
 *(SORT(.dtors.*))
 *(.dtors)

.jcr
 *(.jcr)

.data.rel.ro
 *(.data.rel.ro.local* .gnu.linkonce.d.rel.ro.local.*)
 *(.data.rel.ro .data.rel.ro.* .gnu.linkonce.d.rel.ro.*)

.dynamic        0x0000000000010e5c       0xf8
 *(.dynamic)
 .dynamic       0x0000000000010e5c       0xf8 /Users/bzawisto/Projects/android-ndk-r10e/platforms/android-14/arch-arm/usr/lib/crtbegin_so.o
                0x0000000000010e5c                _DYNAMIC

.got            0x0000000000010f54       0xac
 *(.got.plt)
 .got.plt       0x0000000000010f54       0x84 /Users/bzawisto/Projects/android-ndk-r10e/platforms/android-14/arch-arm/usr/lib/crtbegin_so.o
                0x0000000000010f54                _GLOBAL_OFFSET_TABLE_
 *(.igot.plt)
 .igot.plt      0x0000000000010fd8        0x0 /Users/bzawisto/Projects/android-ndk-r10e/platforms/android-14/arch-arm/usr/lib/crtbegin_so.o
 *(.got)
 .got           0x0000000000010fd8       0x28 /Users/bzawisto/Projects/android-ndk-r10e/platforms/android-14/arch-arm/usr/lib/crtbegin_so.o
 *(.igot)
                0x0000000000011000                . = DATA_SEGMENT_RELRO_END (., 0x0)

.data           0x0000000000011000        0x4
                0x0000000000011000                PROVIDE (__data_start, .)
 *(.data .data.* .gnu.linkonce.d.*)
 .data          0x0000000000011000        0x4 /Users/bzawisto/Projects/android-ndk-r10e/platforms/android-14/arch-arm/usr/lib/crtbegin_so.o
                0x0000000000011000                __dso_handle
 .data          0x0000000000011004        0x0 debug/s3eFirebase_platform.os
 .data          0x0000000000011004        0x0 debug/s3eFirebase.os
 .data          0x0000000000011004        0x0 debug/s3eFirebase_register.os
 .data          0x0000000000011004        0x0 /Applications/Marmalade.app/Contents/s3e/edk/lib/android/libedk.a(IwDebug.o)
 .data          0x0000000000011004        0x0 /Applications/Marmalade.app/Contents/s3e/edk/lib/android/libedk.a(edk_helpers.o)
 .data          0x0000000000011004        0x0 /Applications/Marmalade.app/Contents/s3e/edk/lib/android/libedk.a(android_edk_marker.o)
 .data          0x0000000000011004        0x0 /Users/bzawisto/Projects/android-ndk-r10e/toolchains/arm-linux-androideabi-4.9/prebuilt/darwin-x86_64/bin/../lib/gcc/arm-linux-androideabi/4.9/libgcc.a(_aeabi_ldivmod.o)
 .data          0x0000000000011004        0x0 /Users/bzawisto/Projects/android-ndk-r10e/toolchains/arm-linux-androideabi-4.9/prebuilt/darwin-x86_64/bin/../lib/gcc/arm-linux-androideabi/4.9/libgcc.a(_dvmd_lnx.o)
 .data          0x0000000000011004        0x0 /Users/bzawisto/Projects/android-ndk-r10e/toolchains/arm-linux-androideabi-4.9/prebuilt/darwin-x86_64/bin/../lib/gcc/arm-linux-androideabi/4.9/libgcc.a(bpabi.o)
 .data          0x0000000000011004        0x0 /Users/bzawisto/Projects/android-ndk-r10e/toolchains/arm-linux-androideabi-4.9/prebuilt/darwin-x86_64/bin/../lib/gcc/arm-linux-androideabi/4.9/libgcc.a(unwind-arm.o)
 .data          0x0000000000011004        0x0 /Users/bzawisto/Projects/android-ndk-r10e/toolchains/arm-linux-androideabi-4.9/prebuilt/darwin-x86_64/bin/../lib/gcc/arm-linux-androideabi/4.9/libgcc.a(libunwind.o)
 .data          0x0000000000011004        0x0 /Users/bzawisto/Projects/android-ndk-r10e/toolchains/arm-linux-androideabi-4.9/prebuilt/darwin-x86_64/bin/../lib/gcc/arm-linux-androideabi/4.9/libgcc.a(pr-support.o)
 .data          0x0000000000011004        0x0 /Users/bzawisto/Projects/android-ndk-r10e/toolchains/arm-linux-androideabi-4.9/prebuilt/darwin-x86_64/bin/../lib/gcc/arm-linux-androideabi/4.9/libgcc.a(_divdi3.o)
 .data          0x0000000000011004        0x0 /Users/bzawisto/Projects/android-ndk-r10e/toolchains/arm-linux-androideabi-4.9/prebuilt/darwin-x86_64/bin/../lib/gcc/arm-linux-androideabi/4.9/libgcc.a(_udivdi3.o)
 .data          0x0000000000011004        0x0 /Users/bzawisto/Projects/android-ndk-r10e/toolchains/arm-linux-androideabi-4.9/prebuilt/darwin-x86_64/bin/../lib/gcc/arm-linux-androideabi/4.9/libgcc.a(_lshrdi3.o)
 .data          0x0000000000011004        0x0 /Users/bzawisto/Projects/android-ndk-r10e/toolchains/arm-linux-androideabi-4.9/prebuilt/darwin-x86_64/bin/../lib/gcc/arm-linux-androideabi/4.9/libgcc.a(_ashldi3.o)
 .data          0x0000000000011004        0x0 /Users/bzawisto/Projects/android-ndk-r10e/platforms/android-14/arch-arm/usr/lib/crtend_so.o

.data1
 *(.data1)
                0x0000000000011004                _edata = .
                0x0000000000011004                PROVIDE (edata, .)
                0x0000000000011004                . = .
                0x0000000000011004                __bss_start = .
                0x0000000000011004                __bss_start__ = .

.bss            0x0000000000011004     0x2930
 *(.dynbss)
 .dynbss        0x0000000000011004        0x0 /Users/bzawisto/Projects/android-ndk-r10e/platforms/android-14/arch-arm/usr/lib/crtbegin_so.o
 *(.bss .bss.* .gnu.linkonce.b.*)
 .bss           0x0000000000011004        0x0 /Users/bzawisto/Projects/android-ndk-r10e/platforms/android-14/arch-arm/usr/lib/crtbegin_so.o
 .bss           0x0000000000011004        0x8 debug/s3eFirebase_platform.os
 .bss           0x000000000001100c        0x0 debug/s3eFirebase.os
 .bss           0x000000000001100c        0x0 debug/s3eFirebase_register.os
 .bss           0x000000000001100c     0x2928 /Applications/Marmalade.app/Contents/s3e/edk/lib/android/libedk.a(IwDebug.o)
                0x000000000001100c                g_DebugGlobals
 .bss           0x0000000000013934        0x0 /Applications/Marmalade.app/Contents/s3e/edk/lib/android/libedk.a(edk_helpers.o)
 .bss           0x0000000000013934        0x0 /Applications/Marmalade.app/Contents/s3e/edk/lib/android/libedk.a(android_edk_marker.o)
 .bss           0x0000000000013934        0x0 /Users/bzawisto/Projects/android-ndk-r10e/toolchains/arm-linux-androideabi-4.9/prebuilt/darwin-x86_64/bin/../lib/gcc/arm-linux-androideabi/4.9/libgcc.a(_aeabi_ldivmod.o)
 .bss           0x0000000000013934        0x0 /Users/bzawisto/Projects/android-ndk-r10e/toolchains/arm-linux-androideabi-4.9/prebuilt/darwin-x86_64/bin/../lib/gcc/arm-linux-androideabi/4.9/libgcc.a(_dvmd_lnx.o)
 .bss           0x0000000000013934        0x0 /Users/bzawisto/Projects/android-ndk-r10e/toolchains/arm-linux-androideabi-4.9/prebuilt/darwin-x86_64/bin/../lib/gcc/arm-linux-androideabi/4.9/libgcc.a(bpabi.o)
 .bss           0x0000000000013934        0x0 /Users/bzawisto/Projects/android-ndk-r10e/toolchains/arm-linux-androideabi-4.9/prebuilt/darwin-x86_64/bin/../lib/gcc/arm-linux-androideabi/4.9/libgcc.a(unwind-arm.o)
 .bss           0x0000000000013934        0x0 /Users/bzawisto/Projects/android-ndk-r10e/toolchains/arm-linux-androideabi-4.9/prebuilt/darwin-x86_64/bin/../lib/gcc/arm-linux-androideabi/4.9/libgcc.a(libunwind.o)
 .bss           0x0000000000013934        0x0 /Users/bzawisto/Projects/android-ndk-r10e/toolchains/arm-linux-androideabi-4.9/prebuilt/darwin-x86_64/bin/../lib/gcc/arm-linux-androideabi/4.9/libgcc.a(pr-support.o)
 .bss           0x0000000000013934        0x0 /Users/bzawisto/Projects/android-ndk-r10e/toolchains/arm-linux-androideabi-4.9/prebuilt/darwin-x86_64/bin/../lib/gcc/arm-linux-androideabi/4.9/libgcc.a(_divdi3.o)
 .bss           0x0000000000013934        0x0 /Users/bzawisto/Projects/android-ndk-r10e/toolchains/arm-linux-androideabi-4.9/prebuilt/darwin-x86_64/bin/../lib/gcc/arm-linux-androideabi/4.9/libgcc.a(_udivdi3.o)
 .bss           0x0000000000013934        0x0 /Users/bzawisto/Projects/android-ndk-r10e/toolchains/arm-linux-androideabi-4.9/prebuilt/darwin-x86_64/bin/../lib/gcc/arm-linux-androideabi/4.9/libgcc.a(_lshrdi3.o)
 .bss           0x0000000000013934        0x0 /Users/bzawisto/Projects/android-ndk-r10e/toolchains/arm-linux-androideabi-4.9/prebuilt/darwin-x86_64/bin/../lib/gcc/arm-linux-androideabi/4.9/libgcc.a(_ashldi3.o)
 .bss           0x0000000000013934        0x0 /Users/bzawisto/Projects/android-ndk-r10e/platforms/android-14/arch-arm/usr/lib/crtend_so.o
 *(COMMON)
                0x0000000000013934                . = ALIGN (0x4)
                0x0000000000013934                _bss_end__ = .
                0x0000000000013934                __bss_end__ = .
                0x0000000000013934                . = ALIGN (0x4)
                0x0000000000013934                . = SEGMENT_START ("ldata-segment", .)
                0x0000000000013934                . = ALIGN (0x4)
                0x0000000000013934                __end__ = .
                0x0000000000013934                _end = .
                0x0000000000013934                _bss_end__ = .
                0x0000000000013934                __bss_end__ = .
                0x0000000000013934                __end__ = .
                0x0000000000013934                PROVIDE (end, .)
                0x0000000000013934                . = DATA_SEGMENT_END (.)

.stab
 *(.stab)

.stabstr
 *(.stabstr)

.stab.excl
 *(.stab.excl)

.stab.exclstr
 *(.stab.exclstr)

.stab.index
 *(.stab.index)

.stab.indexstr
 *(.stab.indexstr)

.comment        0x0000000000000000       0x34
 *(.comment)
 .comment       0x0000000000000000        0xf /Users/bzawisto/Projects/android-ndk-r10e/platforms/android-14/arch-arm/usr/lib/crtbegin_so.o
                                         0x10 (size before relaxing)
 .comment       0x000000000000000f       0x25 debug/s3eFirebase_platform.os
                                         0x26 (size before relaxing)
 .comment       0x0000000000000034       0x26 debug/s3eFirebase.os
 .comment       0x0000000000000034       0x26 debug/s3eFirebase_register.os
 .comment       0x0000000000000034       0x26 /Applications/Marmalade.app/Contents/s3e/edk/lib/android/libedk.a(IwDebug.o)
 .comment       0x0000000000000034       0x26 /Applications/Marmalade.app/Contents/s3e/edk/lib/android/libedk.a(edk_helpers.o)
 .comment       0x0000000000000034       0x26 /Applications/Marmalade.app/Contents/s3e/edk/lib/android/libedk.a(android_edk_marker.o)
 .comment       0x0000000000000034       0x26 /Users/bzawisto/Projects/android-ndk-r10e/toolchains/arm-linux-androideabi-4.9/prebuilt/darwin-x86_64/bin/../lib/gcc/arm-linux-androideabi/4.9/libgcc.a(bpabi.o)
 .comment       0x0000000000000034       0x26 /Users/bzawisto/Projects/android-ndk-r10e/toolchains/arm-linux-androideabi-4.9/prebuilt/darwin-x86_64/bin/../lib/gcc/arm-linux-androideabi/4.9/libgcc.a(unwind-arm.o)
 .comment       0x0000000000000034       0x26 /Users/bzawisto/Projects/android-ndk-r10e/toolchains/arm-linux-androideabi-4.9/prebuilt/darwin-x86_64/bin/../lib/gcc/arm-linux-androideabi/4.9/libgcc.a(pr-support.o)
 .comment       0x0000000000000034       0x26 /Users/bzawisto/Projects/android-ndk-r10e/toolchains/arm-linux-androideabi-4.9/prebuilt/darwin-x86_64/bin/../lib/gcc/arm-linux-androideabi/4.9/libgcc.a(_divdi3.o)
 .comment       0x0000000000000034       0x26 /Users/bzawisto/Projects/android-ndk-r10e/toolchains/arm-linux-androideabi-4.9/prebuilt/darwin-x86_64/bin/../lib/gcc/arm-linux-androideabi/4.9/libgcc.a(_udivdi3.o)

.ARM.attributes
                0x0000000000000000       0x2d
 .ARM.attributes
                0x0000000000000000       0x2b /Users/bzawisto/Projects/android-ndk-r10e/platforms/android-14/arch-arm/usr/lib/crtbegin_so.o
 .ARM.attributes
                0x000000000000002b       0x2f debug/s3eFirebase_platform.os
 .ARM.attributes
                0x000000000000005a       0x2f debug/s3eFirebase.os
 .ARM.attributes
                0x0000000000000089       0x2f debug/s3eFirebase_register.os
 .ARM.attributes
                0x00000000000000b8       0x2f /Applications/Marmalade.app/Contents/s3e/edk/lib/android/libedk.a(IwDebug.o)
 .ARM.attributes
                0x00000000000000e7       0x2f /Applications/Marmalade.app/Contents/s3e/edk/lib/android/libedk.a(edk_helpers.o)
 .ARM.attributes
                0x0000000000000116       0x2f /Applications/Marmalade.app/Contents/s3e/edk/lib/android/libedk.a(android_edk_marker.o)
 .ARM.attributes
                0x0000000000000145       0x1f /Users/bzawisto/Projects/android-ndk-r10e/toolchains/arm-linux-androideabi-4.9/prebuilt/darwin-x86_64/bin/../lib/gcc/arm-linux-androideabi/4.9/libgcc.a(_aeabi_ldivmod.o)
 .ARM.attributes
                0x0000000000000164       0x1f /Users/bzawisto/Projects/android-ndk-r10e/toolchains/arm-linux-androideabi-4.9/prebuilt/darwin-x86_64/bin/../lib/gcc/arm-linux-androideabi/4.9/libgcc.a(_dvmd_lnx.o)
 .ARM.attributes
                0x0000000000000183       0x2b /Users/bzawisto/Projects/android-ndk-r10e/toolchains/arm-linux-androideabi-4.9/prebuilt/darwin-x86_64/bin/../lib/gcc/arm-linux-androideabi/4.9/libgcc.a(bpabi.o)
 .ARM.attributes
                0x00000000000001ae       0x2b /Users/bzawisto/Projects/android-ndk-r10e/toolchains/arm-linux-androideabi-4.9/prebuilt/darwin-x86_64/bin/../lib/gcc/arm-linux-androideabi/4.9/libgcc.a(unwind-arm.o)
 .ARM.attributes
                0x00000000000001d9       0x1f /Users/bzawisto/Projects/android-ndk-r10e/toolchains/arm-linux-androideabi-4.9/prebuilt/darwin-x86_64/bin/../lib/gcc/arm-linux-androideabi/4.9/libgcc.a(libunwind.o)
 .ARM.attributes
                0x00000000000001f8       0x2b /Users/bzawisto/Projects/android-ndk-r10e/toolchains/arm-linux-androideabi-4.9/prebuilt/darwin-x86_64/bin/../lib/gcc/arm-linux-androideabi/4.9/libgcc.a(pr-support.o)
 .ARM.attributes
                0x0000000000000223       0x2b /Users/bzawisto/Projects/android-ndk-r10e/toolchains/arm-linux-androideabi-4.9/prebuilt/darwin-x86_64/bin/../lib/gcc/arm-linux-androideabi/4.9/libgcc.a(_divdi3.o)
 .ARM.attributes
                0x000000000000024e       0x2b /Users/bzawisto/Projects/android-ndk-r10e/toolchains/arm-linux-androideabi-4.9/prebuilt/darwin-x86_64/bin/../lib/gcc/arm-linux-androideabi/4.9/libgcc.a(_udivdi3.o)
 .ARM.attributes
                0x0000000000000279       0x1f /Users/bzawisto/Projects/android-ndk-r10e/toolchains/arm-linux-androideabi-4.9/prebuilt/darwin-x86_64/bin/../lib/gcc/arm-linux-androideabi/4.9/libgcc.a(_lshrdi3.o)
 .ARM.attributes
                0x0000000000000298       0x1f /Users/bzawisto/Projects/android-ndk-r10e/toolchains/arm-linux-androideabi-4.9/prebuilt/darwin-x86_64/bin/../lib/gcc/arm-linux-androideabi/4.9/libgcc.a(_ashldi3.o)
 .ARM.attributes
                0x00000000000002b7       0x1d /Users/bzawisto/Projects/android-ndk-r10e/platforms/android-14/arch-arm/usr/lib/crtend_so.o

.debug
 *(.debug)

.line
 *(.line)

.debug_srcinfo
 *(.debug_srcinfo)

.debug_sfnames
 *(.debug_sfnames)

.debug_aranges  0x0000000000000000      0x1f8
 *(.debug_aranges)
 .debug_aranges
                0x0000000000000000       0x78 debug/s3eFirebase_platform.os
 .debug_aranges
                0x0000000000000078       0x20 debug/s3eFirebase.os
 .debug_aranges
                0x0000000000000098       0x20 debug/s3eFirebase_register.os
 .debug_aranges
                0x00000000000000b8       0x20 /Users/bzawisto/Projects/android-ndk-r10e/toolchains/arm-linux-androideabi-4.9/prebuilt/darwin-x86_64/bin/../lib/gcc/arm-linux-androideabi/4.9/libgcc.a(_aeabi_ldivmod.o)
 .debug_aranges
                0x00000000000000d8       0x20 /Users/bzawisto/Projects/android-ndk-r10e/toolchains/arm-linux-androideabi-4.9/prebuilt/darwin-x86_64/bin/../lib/gcc/arm-linux-androideabi/4.9/libgcc.a(_dvmd_lnx.o)
 .debug_aranges
                0x00000000000000f8       0x20 /Users/bzawisto/Projects/android-ndk-r10e/toolchains/arm-linux-androideabi-4.9/prebuilt/darwin-x86_64/bin/../lib/gcc/arm-linux-androideabi/4.9/libgcc.a(bpabi.o)
 .debug_aranges
                0x0000000000000118       0x20 /Users/bzawisto/Projects/android-ndk-r10e/toolchains/arm-linux-androideabi-4.9/prebuilt/darwin-x86_64/bin/../lib/gcc/arm-linux-androideabi/4.9/libgcc.a(unwind-arm.o)
 .debug_aranges
                0x0000000000000138       0x20 /Users/bzawisto/Projects/android-ndk-r10e/toolchains/arm-linux-androideabi-4.9/prebuilt/darwin-x86_64/bin/../lib/gcc/arm-linux-androideabi/4.9/libgcc.a(libunwind.o)
 .debug_aranges
                0x0000000000000158       0x20 /Users/bzawisto/Projects/android-ndk-r10e/toolchains/arm-linux-androideabi-4.9/prebuilt/darwin-x86_64/bin/../lib/gcc/arm-linux-androideabi/4.9/libgcc.a(pr-support.o)
 .debug_aranges
                0x0000000000000178       0x20 /Users/bzawisto/Projects/android-ndk-r10e/toolchains/arm-linux-androideabi-4.9/prebuilt/darwin-x86_64/bin/../lib/gcc/arm-linux-androideabi/4.9/libgcc.a(_divdi3.o)
 .debug_aranges
                0x0000000000000198       0x20 /Users/bzawisto/Projects/android-ndk-r10e/toolchains/arm-linux-androideabi-4.9/prebuilt/darwin-x86_64/bin/../lib/gcc/arm-linux-androideabi/4.9/libgcc.a(_udivdi3.o)
 .debug_aranges
                0x00000000000001b8       0x20 /Users/bzawisto/Projects/android-ndk-r10e/toolchains/arm-linux-androideabi-4.9/prebuilt/darwin-x86_64/bin/../lib/gcc/arm-linux-androideabi/4.9/libgcc.a(_lshrdi3.o)
 .debug_aranges
                0x00000000000001d8       0x20 /Users/bzawisto/Projects/android-ndk-r10e/toolchains/arm-linux-androideabi-4.9/prebuilt/darwin-x86_64/bin/../lib/gcc/arm-linux-androideabi/4.9/libgcc.a(_ashldi3.o)

.debug_pubnames
 *(.debug_pubnames)

.debug_info     0x0000000000000000     0x886d
 *(.debug_info .gnu.linkonce.wi.*)
 .debug_info    0x0000000000000000     0x589c debug/s3eFirebase_platform.os
 .debug_info    0x000000000000589c       0xcd debug/s3eFirebase.os
 .debug_info    0x0000000000005969      0x115 debug/s3eFirebase_register.os
 .debug_info    0x0000000000005a7e       0xbd /Users/bzawisto/Projects/android-ndk-r10e/toolchains/arm-linux-androideabi-4.9/prebuilt/darwin-x86_64/bin/../lib/gcc/arm-linux-androideabi/4.9/libgcc.a(_aeabi_ldivmod.o)
 .debug_info    0x0000000000005b3b       0xc1 /Users/bzawisto/Projects/android-ndk-r10e/toolchains/arm-linux-androideabi-4.9/prebuilt/darwin-x86_64/bin/../lib/gcc/arm-linux-androideabi/4.9/libgcc.a(_dvmd_lnx.o)
 .debug_info    0x0000000000005bfc      0x160 /Users/bzawisto/Projects/android-ndk-r10e/toolchains/arm-linux-androideabi-4.9/prebuilt/darwin-x86_64/bin/../lib/gcc/arm-linux-androideabi/4.9/libgcc.a(bpabi.o)
 .debug_info    0x0000000000005d5c     0x1bbc /Users/bzawisto/Projects/android-ndk-r10e/toolchains/arm-linux-androideabi-4.9/prebuilt/darwin-x86_64/bin/../lib/gcc/arm-linux-androideabi/4.9/libgcc.a(unwind-arm.o)
 .debug_info    0x0000000000007918       0xc1 /Users/bzawisto/Projects/android-ndk-r10e/toolchains/arm-linux-androideabi-4.9/prebuilt/darwin-x86_64/bin/../lib/gcc/arm-linux-androideabi/4.9/libgcc.a(libunwind.o)
 .debug_info    0x00000000000079d9      0x8af /Users/bzawisto/Projects/android-ndk-r10e/toolchains/arm-linux-androideabi-4.9/prebuilt/darwin-x86_64/bin/../lib/gcc/arm-linux-androideabi/4.9/libgcc.a(pr-support.o)
 .debug_info    0x0000000000008288      0x287 /Users/bzawisto/Projects/android-ndk-r10e/toolchains/arm-linux-androideabi-4.9/prebuilt/darwin-x86_64/bin/../lib/gcc/arm-linux-androideabi/4.9/libgcc.a(_divdi3.o)
 .debug_info    0x000000000000850f      0x1dc /Users/bzawisto/Projects/android-ndk-r10e/toolchains/arm-linux-androideabi-4.9/prebuilt/darwin-x86_64/bin/../lib/gcc/arm-linux-androideabi/4.9/libgcc.a(_udivdi3.o)
 .debug_info    0x00000000000086eb       0xc1 /Users/bzawisto/Projects/android-ndk-r10e/toolchains/arm-linux-androideabi-4.9/prebuilt/darwin-x86_64/bin/../lib/gcc/arm-linux-androideabi/4.9/libgcc.a(_lshrdi3.o)
 .debug_info    0x00000000000087ac       0xc1 /Users/bzawisto/Projects/android-ndk-r10e/toolchains/arm-linux-androideabi-4.9/prebuilt/darwin-x86_64/bin/../lib/gcc/arm-linux-androideabi/4.9/libgcc.a(_ashldi3.o)

.debug_abbrev   0x0000000000000000      0xdbd
 *(.debug_abbrev)
 .debug_abbrev  0x0000000000000000      0x29f debug/s3eFirebase_platform.os
 .debug_abbrev  0x000000000000029f       0x95 debug/s3eFirebase.os
 .debug_abbrev  0x0000000000000334       0xbc debug/s3eFirebase_register.os
 .debug_abbrev  0x00000000000003f0       0x14 /Users/bzawisto/Projects/android-ndk-r10e/toolchains/arm-linux-androideabi-4.9/prebuilt/darwin-x86_64/bin/../lib/gcc/arm-linux-androideabi/4.9/libgcc.a(_aeabi_ldivmod.o)
 .debug_abbrev  0x0000000000000404       0x14 /Users/bzawisto/Projects/android-ndk-r10e/toolchains/arm-linux-androideabi-4.9/prebuilt/darwin-x86_64/bin/../lib/gcc/arm-linux-androideabi/4.9/libgcc.a(_dvmd_lnx.o)
 .debug_abbrev  0x0000000000000418       0xb5 /Users/bzawisto/Projects/android-ndk-r10e/toolchains/arm-linux-androideabi-4.9/prebuilt/darwin-x86_64/bin/../lib/gcc/arm-linux-androideabi/4.9/libgcc.a(bpabi.o)
 .debug_abbrev  0x00000000000004cd      0x413 /Users/bzawisto/Projects/android-ndk-r10e/toolchains/arm-linux-androideabi-4.9/prebuilt/darwin-x86_64/bin/../lib/gcc/arm-linux-androideabi/4.9/libgcc.a(unwind-arm.o)
 .debug_abbrev  0x00000000000008e0       0x14 /Users/bzawisto/Projects/android-ndk-r10e/toolchains/arm-linux-androideabi-4.9/prebuilt/darwin-x86_64/bin/../lib/gcc/arm-linux-androideabi/4.9/libgcc.a(libunwind.o)
 .debug_abbrev  0x00000000000008f4      0x275 /Users/bzawisto/Projects/android-ndk-r10e/toolchains/arm-linux-androideabi-4.9/prebuilt/darwin-x86_64/bin/../lib/gcc/arm-linux-androideabi/4.9/libgcc.a(pr-support.o)
 .debug_abbrev  0x0000000000000b69      0x144 /Users/bzawisto/Projects/android-ndk-r10e/toolchains/arm-linux-androideabi-4.9/prebuilt/darwin-x86_64/bin/../lib/gcc/arm-linux-androideabi/4.9/libgcc.a(_divdi3.o)
 .debug_abbrev  0x0000000000000cad       0xe8 /Users/bzawisto/Projects/android-ndk-r10e/toolchains/arm-linux-androideabi-4.9/prebuilt/darwin-x86_64/bin/../lib/gcc/arm-linux-androideabi/4.9/libgcc.a(_udivdi3.o)
 .debug_abbrev  0x0000000000000d95       0x14 /Users/bzawisto/Projects/android-ndk-r10e/toolchains/arm-linux-androideabi-4.9/prebuilt/darwin-x86_64/bin/../lib/gcc/arm-linux-androideabi/4.9/libgcc.a(_lshrdi3.o)
 .debug_abbrev  0x0000000000000da9       0x14 /Users/bzawisto/Projects/android-ndk-r10e/toolchains/arm-linux-androideabi-4.9/prebuilt/darwin-x86_64/bin/../lib/gcc/arm-linux-androideabi/4.9/libgcc.a(_ashldi3.o)

.debug_line     0x0000000000000000     0x106c
 *(.debug_line .debug_line.* .debug_line_end)
 .debug_line    0x0000000000000000      0x2de debug/s3eFirebase_platform.os
 .debug_line    0x00000000000002de       0xd3 debug/s3eFirebase.os
 .debug_line    0x00000000000003b1       0xf2 debug/s3eFirebase_register.os
 .debug_line    0x00000000000004a3       0x7c /Users/bzawisto/Projects/android-ndk-r10e/toolchains/arm-linux-androideabi-4.9/prebuilt/darwin-x86_64/bin/../lib/gcc/arm-linux-androideabi/4.9/libgcc.a(_aeabi_ldivmod.o)
 .debug_line    0x000000000000051f       0x7b /Users/bzawisto/Projects/android-ndk-r10e/toolchains/arm-linux-androideabi-4.9/prebuilt/darwin-x86_64/bin/../lib/gcc/arm-linux-androideabi/4.9/libgcc.a(_dvmd_lnx.o)
 .debug_line    0x000000000000059a       0x7c /Users/bzawisto/Projects/android-ndk-r10e/toolchains/arm-linux-androideabi-4.9/prebuilt/darwin-x86_64/bin/../lib/gcc/arm-linux-androideabi/4.9/libgcc.a(bpabi.o)
 .debug_line    0x0000000000000616      0x516 /Users/bzawisto/Projects/android-ndk-r10e/toolchains/arm-linux-androideabi-4.9/prebuilt/darwin-x86_64/bin/../lib/gcc/arm-linux-androideabi/4.9/libgcc.a(unwind-arm.o)
 .debug_line    0x0000000000000b2c       0xc5 /Users/bzawisto/Projects/android-ndk-r10e/toolchains/arm-linux-androideabi-4.9/prebuilt/darwin-x86_64/bin/../lib/gcc/arm-linux-androideabi/4.9/libgcc.a(libunwind.o)
 .debug_line    0x0000000000000bf1      0x194 /Users/bzawisto/Projects/android-ndk-r10e/toolchains/arm-linux-androideabi-4.9/prebuilt/darwin-x86_64/bin/../lib/gcc/arm-linux-androideabi/4.9/libgcc.a(pr-support.o)
 .debug_line    0x0000000000000d85       0xf9 /Users/bzawisto/Projects/android-ndk-r10e/toolchains/arm-linux-androideabi-4.9/prebuilt/darwin-x86_64/bin/../lib/gcc/arm-linux-androideabi/4.9/libgcc.a(_divdi3.o)
 .debug_line    0x0000000000000e7e       0xf2 /Users/bzawisto/Projects/android-ndk-r10e/toolchains/arm-linux-androideabi-4.9/prebuilt/darwin-x86_64/bin/../lib/gcc/arm-linux-androideabi/4.9/libgcc.a(_udivdi3.o)
 .debug_line    0x0000000000000f70       0x7e /Users/bzawisto/Projects/android-ndk-r10e/toolchains/arm-linux-androideabi-4.9/prebuilt/darwin-x86_64/bin/../lib/gcc/arm-linux-androideabi/4.9/libgcc.a(_lshrdi3.o)
 .debug_line    0x0000000000000fee       0x7e /Users/bzawisto/Projects/android-ndk-r10e/toolchains/arm-linux-androideabi-4.9/prebuilt/darwin-x86_64/bin/../lib/gcc/arm-linux-androideabi/4.9/libgcc.a(_ashldi3.o)

.debug_frame    0x0000000000000000      0x740
 *(.debug_frame)
 .debug_frame   0x0000000000000000      0x20c debug/s3eFirebase_platform.os
 .debug_frame   0x000000000000020c       0x58 debug/s3eFirebase.os
 .debug_frame   0x0000000000000264       0x5c debug/s3eFirebase_register.os
 .debug_frame   0x00000000000002c0       0x28 /Users/bzawisto/Projects/android-ndk-r10e/toolchains/arm-linux-androideabi-4.9/prebuilt/darwin-x86_64/bin/../lib/gcc/arm-linux-androideabi/4.9/libgcc.a(_aeabi_ldivmod.o)
 .debug_frame   0x00000000000002e8       0x54 /Users/bzawisto/Projects/android-ndk-r10e/toolchains/arm-linux-androideabi-4.9/prebuilt/darwin-x86_64/bin/../lib/gcc/arm-linux-androideabi/4.9/libgcc.a(bpabi.o)
 .debug_frame   0x000000000000033c      0x2ac /Users/bzawisto/Projects/android-ndk-r10e/toolchains/arm-linux-androideabi-4.9/prebuilt/darwin-x86_64/bin/../lib/gcc/arm-linux-androideabi/4.9/libgcc.a(unwind-arm.o)
 .debug_frame   0x00000000000005e8       0xe8 /Users/bzawisto/Projects/android-ndk-r10e/toolchains/arm-linux-androideabi-4.9/prebuilt/darwin-x86_64/bin/../lib/gcc/arm-linux-androideabi/4.9/libgcc.a(pr-support.o)
 .debug_frame   0x00000000000006d0       0x38 /Users/bzawisto/Projects/android-ndk-r10e/toolchains/arm-linux-androideabi-4.9/prebuilt/darwin-x86_64/bin/../lib/gcc/arm-linux-androideabi/4.9/libgcc.a(_divdi3.o)
 .debug_frame   0x0000000000000708       0x38 /Users/bzawisto/Projects/android-ndk-r10e/toolchains/arm-linux-androideabi-4.9/prebuilt/darwin-x86_64/bin/../lib/gcc/arm-linux-androideabi/4.9/libgcc.a(_udivdi3.o)

.debug_str      0x0000000000000000     0x58f5
 *(.debug_str)
 .debug_str     0x0000000000000000     0x4918 debug/s3eFirebase_platform.os
                                       0x4aa2 (size before relaxing)
 .debug_str     0x0000000000004918       0xb7 debug/s3eFirebase.os
                                        0x2a8 (size before relaxing)
 .debug_str     0x00000000000049cf       0xc3 debug/s3eFirebase_register.os
                                        0x30f (size before relaxing)
 .debug_str     0x0000000000004a92      0x171 /Users/bzawisto/Projects/android-ndk-r10e/toolchains/arm-linux-androideabi-4.9/prebuilt/darwin-x86_64/bin/../lib/gcc/arm-linux-androideabi/4.9/libgcc.a(bpabi.o)
                                        0x196 (size before relaxing)
 .debug_str     0x0000000000004c03      0xb76 /Users/bzawisto/Projects/android-ndk-r10e/toolchains/arm-linux-androideabi-4.9/prebuilt/darwin-x86_64/bin/../lib/gcc/arm-linux-androideabi/4.9/libgcc.a(unwind-arm.o)
                                        0xc8b (size before relaxing)
 .debug_str     0x0000000000005779       0xf1 /Users/bzawisto/Projects/android-ndk-r10e/toolchains/arm-linux-androideabi-4.9/prebuilt/darwin-x86_64/bin/../lib/gcc/arm-linux-androideabi/4.9/libgcc.a(pr-support.o)
                                        0x592 (size before relaxing)
 .debug_str     0x000000000000586a       0x8b /Users/bzawisto/Projects/android-ndk-r10e/toolchains/arm-linux-androideabi-4.9/prebuilt/darwin-x86_64/bin/../lib/gcc/arm-linux-androideabi/4.9/libgcc.a(_divdi3.o)
                                        0x293 (size before relaxing)
 .debug_str     0x00000000000058f5      0x270 /Users/bzawisto/Projects/android-ndk-r10e/toolchains/arm-linux-androideabi-4.9/prebuilt/darwin-x86_64/bin/../lib/gcc/arm-linux-androideabi/4.9/libgcc.a(_udivdi3.o)

.debug_loc      0x0000000000000000     0x206f
 *(.debug_loc)
 .debug_loc     0x0000000000000000       0xa0 /Users/bzawisto/Projects/android-ndk-r10e/toolchains/arm-linux-androideabi-4.9/prebuilt/darwin-x86_64/bin/../lib/gcc/arm-linux-androideabi/4.9/libgcc.a(bpabi.o)
 .debug_loc     0x00000000000000a0     0x15b9 /Users/bzawisto/Projects/android-ndk-r10e/toolchains/arm-linux-androideabi-4.9/prebuilt/darwin-x86_64/bin/../lib/gcc/arm-linux-androideabi/4.9/libgcc.a(unwind-arm.o)
 .debug_loc     0x0000000000001659      0x52f /Users/bzawisto/Projects/android-ndk-r10e/toolchains/arm-linux-androideabi-4.9/prebuilt/darwin-x86_64/bin/../lib/gcc/arm-linux-androideabi/4.9/libgcc.a(pr-support.o)
 .debug_loc     0x0000000000001b88      0x294 /Users/bzawisto/Projects/android-ndk-r10e/toolchains/arm-linux-androideabi-4.9/prebuilt/darwin-x86_64/bin/../lib/gcc/arm-linux-androideabi/4.9/libgcc.a(_divdi3.o)
 .debug_loc     0x0000000000001e1c      0x253 /Users/bzawisto/Projects/android-ndk-r10e/toolchains/arm-linux-androideabi-4.9/prebuilt/darwin-x86_64/bin/../lib/gcc/arm-linux-androideabi/4.9/libgcc.a(_udivdi3.o)

.debug_macinfo
 *(.debug_macinfo)

.debug_weaknames
 *(.debug_weaknames)

.debug_funcnames
 *(.debug_funcnames)

.debug_typenames
 *(.debug_typenames)

.debug_varnames
 *(.debug_varnames)

.debug_pubtypes
 *(.debug_pubtypes)

.debug_ranges   0x0000000000000000      0x180
 *(.debug_ranges)
 .debug_ranges  0x0000000000000000       0x68 debug/s3eFirebase_platform.os
 .debug_ranges  0x0000000000000068       0xb0 /Users/bzawisto/Projects/android-ndk-r10e/toolchains/arm-linux-androideabi-4.9/prebuilt/darwin-x86_64/bin/../lib/gcc/arm-linux-androideabi/4.9/libgcc.a(unwind-arm.o)
 .debug_ranges  0x0000000000000118       0x30 /Users/bzawisto/Projects/android-ndk-r10e/toolchains/arm-linux-androideabi-4.9/prebuilt/darwin-x86_64/bin/../lib/gcc/arm-linux-androideabi/4.9/libgcc.a(pr-support.o)
 .debug_ranges  0x0000000000000148       0x18 /Users/bzawisto/Projects/android-ndk-r10e/toolchains/arm-linux-androideabi-4.9/prebuilt/darwin-x86_64/bin/../lib/gcc/arm-linux-androideabi/4.9/libgcc.a(_divdi3.o)
 .debug_ranges  0x0000000000000160       0x20 /Users/bzawisto/Projects/android-ndk-r10e/toolchains/arm-linux-androideabi-4.9/prebuilt/darwin-x86_64/bin/../lib/gcc/arm-linux-androideabi/4.9/libgcc.a(_udivdi3.o)

.debug_macro
 *(.debug_macro)

.gnu.attributes
 *(.gnu.attributes)

.note.gnu.arm.ident
 *(.note.gnu.arm.ident)

/DISCARD/
 *(.note.GNU-stack)
 *(.gnu_debuglink)
 *(.gnu.lto_*)
 *(.mdebug.*)
OUTPUT(/Users/bzawisto/Projects/bs-frontend/BattleSkylands/edk/s3eFirebase/lib/android/libs3eFirebase_d.so elf32-littlearm)
